Archive member included to satisfy reference by file (symbol)

C:\Users\Admin\Documents\git\embebidos\TP3_embebidos\lpc_board_nxp_lpcxpresso_4337\Debug\liblpc_board_nxp_lpcxpresso_4337.a(board.o)
                              ./freertos/src/FreeRTOSCommonHooks.o (Board_UARTPutSTR)
C:\Users\Admin\Documents\git\embebidos\TP3_embebidos\lpc_board_nxp_lpcxpresso_4337\Debug\liblpc_board_nxp_lpcxpresso_4337.a(board_sysinit.o)
                              ./example/src/sysinit.o (Board_SystemInit)
C:\Users\Admin\Documents\git\embebidos\TP3_embebidos\lpc_board_nxp_lpcxpresso_4337\Debug\liblpc_board_nxp_lpcxpresso_4337.a(wm8904.o)
                              C:\Users\Admin\Documents\git\embebidos\TP3_embebidos\lpc_board_nxp_lpcxpresso_4337\Debug\liblpc_board_nxp_lpcxpresso_4337.a(board.o) (WM8904_Init)
C:\Users\Admin\Documents\git\embebidos\TP3_embebidos\lpc_chip_43xx\Debug\liblpc_chip_43xx.a(chip_18xx_43xx.o)
                              ./freertos/src/port.o (SystemCoreClock)
C:\Users\Admin\Documents\git\embebidos\TP3_embebidos\lpc_chip_43xx\Debug\liblpc_chip_43xx.a(clock_18xx_43xx.o)
                              C:\Users\Admin\Documents\git\embebidos\TP3_embebidos\lpc_chip_43xx\Debug\liblpc_chip_43xx.a(chip_18xx_43xx.o) (Chip_Clock_GetClockInputHz)
C:\Users\Admin\Documents\git\embebidos\TP3_embebidos\lpc_chip_43xx\Debug\liblpc_chip_43xx.a(fpu_init.o)
                              ./example/src/sysinit.o (fpuInit)
C:\Users\Admin\Documents\git\embebidos\TP3_embebidos\lpc_chip_43xx\Debug\liblpc_chip_43xx.a(gpio_18xx_43xx.o)
                              C:\Users\Admin\Documents\git\embebidos\TP3_embebidos\lpc_board_nxp_lpcxpresso_4337\Debug\liblpc_board_nxp_lpcxpresso_4337.a(board.o) (Chip_GPIO_Init)
C:\Users\Admin\Documents\git\embebidos\TP3_embebidos\lpc_chip_43xx\Debug\liblpc_chip_43xx.a(i2c_18xx_43xx.o)
                              C:\Users\Admin\Documents\git\embebidos\TP3_embebidos\lpc_board_nxp_lpcxpresso_4337\Debug\liblpc_board_nxp_lpcxpresso_4337.a(wm8904.o) (Chip_I2C_EventHandlerPolling)
C:\Users\Admin\Documents\git\embebidos\TP3_embebidos\lpc_chip_43xx\Debug\liblpc_chip_43xx.a(ssp_18xx_43xx.o)
                              C:\Users\Admin\Documents\git\embebidos\TP3_embebidos\lpc_board_nxp_lpcxpresso_4337\Debug\liblpc_board_nxp_lpcxpresso_4337.a(board.o) (Chip_SSP_WriteFrames_Blocking)
C:\Users\Admin\Documents\git\embebidos\TP3_embebidos\lpc_chip_43xx\Debug\liblpc_chip_43xx.a(sysinit_18xx_43xx.o)
                              C:\Users\Admin\Documents\git\embebidos\TP3_embebidos\lpc_board_nxp_lpcxpresso_4337\Debug\liblpc_board_nxp_lpcxpresso_4337.a(board_sysinit.o) (Chip_SetupCoreClock)
C:\Users\Admin\Documents\git\embebidos\TP3_embebidos\lpc_chip_43xx\Debug\liblpc_chip_43xx.a(uart_18xx_43xx.o)
                              C:\Users\Admin\Documents\git\embebidos\TP3_embebidos\lpc_board_nxp_lpcxpresso_4337\Debug\liblpc_board_nxp_lpcxpresso_4337.a(board.o) (Chip_UART_Init)
C:\Users\Admin\Documents\git\embebidos\TP3_embebidos\lpc_chip_43xx\Debug\liblpc_chip_43xx.a(ring_buffer.o)
                              C:\Users\Admin\Documents\git\embebidos\TP3_embebidos\lpc_chip_43xx\Debug\liblpc_chip_43xx.a(uart_18xx_43xx.o) (RingBuffer_Insert)
c:/nxp/mcuxpressoide_11.0.1_2563/ide/plugins/com.nxp.mcuxpresso.tools.win32_11.0.1.201907311258/tools/bin/../lib/gcc/arm-none-eabi/8.2.1/../../../../arm-none-eabi/lib/thumb/v7e-m+fp/softfp\libcr_nohost.a(_cr__main.o)
                              ./example/src/cr_startup_lpc43xx.o (__main)
c:/nxp/mcuxpressoide_11.0.1_2563/ide/plugins/com.nxp.mcuxpresso.tools.win32_11.0.1.201907311258/tools/bin/../lib/gcc/arm-none-eabi/8.2.1/../../../../arm-none-eabi/lib/thumb/v7e-m+fp/softfp\libcr_c.a(memcpy.o)
                              ./freertos/src/queue.o (memcpy)
c:/nxp/mcuxpressoide_11.0.1_2563/ide/plugins/com.nxp.mcuxpresso.tools.win32_11.0.1.201907311258/tools/bin/../lib/gcc/arm-none-eabi/8.2.1/../../../../arm-none-eabi/lib/thumb/v7e-m+fp/softfp\libcr_c.a(memset.o)
                              ./freertos/src/tasks.o (memset)
c:/nxp/mcuxpressoide_11.0.1_2563/ide/plugins/com.nxp.mcuxpresso.tools.win32_11.0.1.201907311258/tools/bin/../lib/gcc/arm-none-eabi/8.2.1/../../../../arm-none-eabi/lib/thumb/v7e-m+fp/softfp\libcr_c.a(alloc.o)
                              ./freertos/src/heap_3.o (malloc)
c:/nxp/mcuxpressoide_11.0.1_2563/ide/plugins/com.nxp.mcuxpresso.tools.win32_11.0.1.201907311258/tools/bin/../lib/gcc/arm-none-eabi/8.2.1/../../../../arm-none-eabi/lib/thumb/v7e-m+fp/softfp\libcr_c.a(fpprintf.o)
                              ./freertos/src/FreeRTOSCommonHooks.o (printf)
c:/nxp/mcuxpressoide_11.0.1_2563/ide/plugins/com.nxp.mcuxpresso.tools.win32_11.0.1.201907311258/tools/bin/../lib/gcc/arm-none-eabi/8.2.1/../../../../arm-none-eabi/lib/thumb/v7e-m+fp/softfp\libcr_c.a(initio.o)
[...]
Memory Configuration

Name             Origin             Length             Attributes
MFlashA512       0x1a000000         0x00080000         xr
MFlashB512       0x1b000000         0x00080000         xr
RamLoc32         0x10000000         0x00008000         xrw
RamLoc40         0x10080000         0x0000a000         xrw
RamAHB32         0x20000000         0x00008000         xrw
RamAHB16         0x20008000         0x00004000         xrw
RamAHB_ETB16     0x2000c000         0x00004000         xrw
*default*        0x00000000         0xffffffff

Linker script and memory map

LOAD ./freertos/src/FreeRTOSCommonHooks.o
LOAD ./freertos/src/croutine.o
LOAD ./freertos/src/event_groups.o
LOAD ./freertos/src/heap_3.o
LOAD ./freertos/src/list.o
LOAD ./freertos/src/port.o
LOAD ./freertos/src/queue.o
LOAD ./freertos/src/redlib_memfix.o
LOAD ./freertos/src/tasks.o
LOAD ./freertos/src/timers.o
LOAD ./example/src/cr_startup_lpc43xx.o
LOAD ./example/src/freertos_examples_10_to_16.o
LOAD ./example/src/sysinit.o
LOAD C:\Users\Admin\Documents\git\embebidos\TP3_embebidos\lpc_board_nxp_lpcxpresso_4337\Debug\liblpc_board_nxp_lpcxpresso_4337.a
LOAD C:\Users\Admin\Documents\git\embebidos\TP3_embebidos\lpc_chip_43xx\Debug\liblpc_chip_43xx.a
START GROUP
LOAD c:/nxp/mcuxpressoide_11.0.1_2563/ide/plugins/com.nxp.mcuxpresso.tools.win32_11.0.1.201907311258/tools/bin/../lib/gcc/arm-none-eabi/8.2.1/../../../../arm-none-eabi/lib/thumb/v7e-m+fp/softfp\libcr_nohost.a
LOAD c:/nxp/mcuxpressoide_11.0.1_2563/ide/plugins/com.nxp.mcuxpresso.tools.win32_11.0.1.201907311258/tools/bin/../lib/gcc/arm-none-eabi/8.2.1/../../../../arm-none-eabi/lib/thumb/v7e-m+fp/softfp\libcr_c.a
LOAD c:/nxp/mcuxpressoide_11.0.1_2563/ide/plugins/com.nxp.mcuxpresso.tools.win32_11.0.1.201907311258/tools/bin/../lib/gcc/arm-none-eabi/8.2.1/thumb/v7e-m+fp/softfp\libcr_eabihelpers.a
LOAD c:/nxp/mcuxpressoide_11.0.1_2563/ide/plugins/com.nxp.mcuxpresso.tools.win32_11.0.1.201907311258/tools/bin/../lib/gcc/arm-none-eabi/8.2.1/thumb/v7e-m+fp/softfp\libgcc.a
END GROUP
                0x1a000000                __base_MFlashA512 = 0x1a000000
                0x1a000000                __base_Flash = 0x1a000000
                0x1a080000                __top_MFlashA512 = 0x1a080000
                0x1a080000                __top_Flash = 0x1a080000
                0x1b000000                __base_MFlashB512 = 0x1b000000
                0x1b000000                __base_Flash2 = 0x1b000000
                0x1b080000                __top_MFlashB512 = 0x1b080000
                0x1b080000                __top_Flash2 = 0x1b080000
                0x10000000                __base_RamLoc32 = 0x10000000
                0x10000000                __base_RAM = 0x10000000
                0x10008000                __top_RamLoc32 = 0x10008000
                0x10008000                __top_RAM = 0x10008000
                0x10080000                __base_RamLoc40 = 0x10080000
                0x10080000                __base_RAM2 = 0x10080000
                0x1008a000                __top_RamLoc40 = 0x1008a000
                0x1008a000                __top_RAM2 = 0x1008a000
                0x20000000                __base_RamAHB32 = 0x20000000
                0x20000000                __base_RAM3 = 0x20000000
                0x20008000                __top_RamAHB32 = 0x20008000
                0x20008000                __top_RAM3 = 0x20008000
                0x20008000                __base_RamAHB16 = 0x20008000
                0x20008000                __base_RAM4 = 0x20008000
                0x2000c000                __top_RamAHB16 = 0x2000c000
                0x2000c000                __top_RAM4 = 0x2000c000
                0x2000c000                __base_RamAHB_ETB16 = 0x2000c000
                0x2000c000                __base_RAM5 = 0x2000c000
                0x20010000                __top_RamAHB_ETB16 = 0x20010000
                0x20010000                __top_RAM5 = 0x20010000

.text_Flash2    0x1b000000        0x0
 FILL mask 0xff
 *(.text_Flash2)
 *(.text_MFlashB512)
 *(.text.$Flash2)
 *(.text.$MFlashB512)
 *(.text_Flash2.*)
 *(.text_MFlashB512.*)
 *(.text.$Flash2.*)
 *(.text.$MFlashB512.*)
 *(.rodata.$Flash2)
 *(.rodata.$MFlashB512)
 *(.rodata.$Flash2.*)
 *(.rodata.$MFlashB512.*)

.text           0x1a000000     0x5a1c
 FILL mask 0xff
                0x1a000000                __vectors_start__ = ABSOLUTE (.)
 *(.isr_vector)
 .isr_vector    0x1a000000      0x114 ./example/src/cr_startup_lpc43xx.o
                0x1a000000                g_pfnVectors
                0x1a000114                . = ALIGN (0x4)
                0x1a000114                __section_table_start = .
                0x1a000114                __data_section_table = .
                0x1a000114        0x4 LONG 0x1a005a1c LOADADDR (.data)
                0x1a000118        0x4 LONG 0x10000000 ADDR (.data)
                0x1a00011c        0x4 LONG 0xc SIZEOF (.data)
                0x1a000120        0x4 LONG 0x1a005a1c LOADADDR (.data_RAM2)
                0x1a000124        0x4 LONG 0x10080000 ADDR (.data_RAM2)
                0x1a000128        0x4 LONG 0x0 SIZEOF (.data_RAM2)
                0x1a00012c        0x4 LONG 0x1a005a1c LOADADDR (.data_RAM3)
                0x1a000130        0x4 LONG 0x20000000 ADDR (.data_RAM3)
                0x1a000134        0x4 LONG 0x0 SIZEOF (.data_RAM3)
                0x1a000138        0x4 LONG 0x1a005a1c LOADADDR (.data_RAM4)
                0x1a00013c        0x4 LONG 0x20008000 ADDR (.data_RAM4)
                0x1a000140        0x4 LONG 0x0 SIZEOF (.data_RAM4)
                0x1a000144        0x4 LONG 0x1a005a1c LOADADDR (.data_RAM5)
                0x1a000148        0x4 LONG 0x2000c000 ADDR (.data_RAM5)
                0x1a00014c        0x4 LONG 0x0 SIZEOF (.data_RAM5)
                0x1a000150                __data_section_table_end = .
                0x1a000150                __bss_section_table = .
                0x1a000150        0x4 LONG 0x1000000c ADDR (.bss)
                0x1a000154        0x4 LONG 0x340 SIZEOF (.bss)
                0x1a000158        0x4 LONG 0x10080000 ADDR (.bss_RAM2)
                0x1a00015c        0x4 LONG 0x0 SIZEOF (.bss_RAM2)
                0x1a000160        0x4 LONG 0x20000000 ADDR (.bss_RAM3)
                0x1a000164        0x4 LONG 0x0 SIZEOF (.bss_RAM3)
                0x1a000168        0x4 LONG 0x20008000 ADDR (.bss_RAM4)
                0x1a00016c        0x4 LONG 0x0 SIZEOF (.bss_RAM4)
                0x1a000170        0x4 LONG 0x2000c000 ADDR (.bss_RAM5)
                0x1a000174        0x4 LONG 0x0 SIZEOF (.bss_RAM5)
                0x1a000178                __bss_section_table_end = .
                0x1a000178                __section_table_end = .
 *(.after_vectors*)
 .after_vectors
                0x1a000178       0xb8 ./example/src/cr_startup_lpc43xx.o
                0x1a000178                data_init
                0x1a0001bc                bss_init
                0x1a0001f4                NMI_Handler
                0x1a0001fa                HardFault_Handler
                0x1a000200                MemManage_Handler
                0x1a000206                BusFault_Handler
                0x1a00020c                UsageFault_Handler
                0x1a000218                DebugMon_Handler
                0x1a00022a                ATIMER_IRQHandler
                0x1a00022a                FLASH_EEPROM_IRQHandler
                0x1a00022a                I2C1_IRQHandler
                0x1a00022a                UART1_IRQHandler
                0x1a00022a                GPIO5_IRQHandler
                0x1a00022a                CAN1_IRQHandler
                0x1a00022a                SDIO_IRQHandler
                0x1a00022a                I2S0_IRQHandler
                0x1a00022a                TIMER3_IRQHandler
                0x1a00022a                UART0_IRQHandler
                0x1a00022a                ADCHS_IRQHandler
                0x1a00022a                SGPIO_IRQHandler
                0x1a00022a                RIT_IRQHandler
                0x1a00022a                USB1_IRQHandler
                0x1a00022a                GPIO6_IRQHandler
                0x1a00022a                IntDefaultHandler
                0x1a00022a                GPIO1_IRQHandler
                0x1a00022a                SSP0_IRQHandler
                0x1a00022a                ADC1_IRQHandler
                0x1a00022a                RTC_IRQHandler
                0x1a00022a                TIMER0_IRQHandler
                0x1a00022a                SPI_IRQHandler
                0x1a00022a                LCD_IRQHandler
                0x1a00022a                I2C0_IRQHandler
                0x1a00022a                TIMER1_IRQHandler
                0x1a00022a                UART2_IRQHandler
                0x1a00022a                GPIO2_IRQHandler
                0x1a00022a                I2S1_IRQHandler
                0x1a00022a                SSP1_IRQHandler
                0x1a00022a                USB0_IRQHandler
                0x1a00022a                GPIO3_IRQHandler
                0x1a00022a                SCT_IRQHandler
                0x1a00022a                ADC0_IRQHandler
                0x1a00022a                WDT_IRQHandler
                0x1a00022a                GPIO7_IRQHandler
                0x1a00022a                SPIFI_IRQHandler
                0x1a00022a                QEI_IRQHandler
                0x1a00022a                ETH_IRQHandler
                0x1a00022a                CAN0_IRQHandler
                0x1a00022a                GINT0_IRQHandler
                0x1a00022a                DAC_IRQHandler
                0x1a00022a                M0SUB_IRQHandler
                0x1a00022a                GPIO0_IRQHandler
                0x1a00022a                DMA_IRQHandler
                0x1a00022a                EVRT_IRQHandler
                0x1a00022a                TIMER2_IRQHandler
                0x1a00022a                UART3_IRQHandler
                0x1a00022a                MCPWM_IRQHandler
                0x1a00022a                M0APP_IRQHandler
                0x1a00022a                GINT1_IRQHandler
                0x1a00022a                GPIO4_IRQHandler
 *(.text*)
 .text.vApplicationIdleHook
                0x1a000230       0x10 ./freertos/src/FreeRTOSCommonHooks.o
                0x1a000230                vApplicationIdleHook
 .text.pvPortMalloc
                0x1a000240       0x22 ./freertos/src/heap_3.o
                0x1a000240                pvPortMalloc
 .text.vPortFree
                0x1a000262       0x24 ./freertos/src/heap_3.o
                0x1a000262                vPortFree
 .text.vListInitialise
                0x1a000286       0x40 ./freertos/src/list.o
                0x1a000286                vListInitialise
 .text.vListInitialiseItem
                0x1a0002c6       0x1a ./freertos/src/list.o
                0x1a0002c6                vListInitialiseItem
 .text.vListInsertEnd
                0x1a0002e0       0x48 ./freertos/src/list.o
                0x1a0002e0                vListInsertEnd
 .text.vListInsert
                0x1a000328       0x72 ./freertos/src/list.o
                0x1a000328                vListInsert
 .text.uxListRemove
                0x1a00039a       0x54 ./freertos/src/list.o
                0x1a00039a                uxListRemove
 *fill*         0x1a0003ee        0x2 ff
 .text.pxPortInitialiseStack
                0x1a0003f0       0x64 ./freertos/src/port.o
                0x1a0003f0                pxPortInitialiseStack
 .text.prvTaskExitError
                0x1a000454        0xa ./freertos/src/port.o
 *fill*         0x1a00045e        0x2 ff
 .text.SVC_Handler
                0x1a000460       0x24 ./freertos/src/port.o
                0x1a000460                SVC_Handler
 .text.prvPortStartFirstTask
                0x1a000484       0x20 ./freertos/src/port.o
 .text.xPortStartScheduler
                0x1a0004a4       0x50 ./freertos/src/port.o
                0x1a0004a4                xPortStartScheduler
 .text.vPortYield
                0x1a0004f4       0x24 ./freertos/src/port.o
                0x1a0004f4                vPortYield
 .text.vPortEnterCritical
                0x1a000518       0x24 ./freertos/src/port.o
                0x1a000518                vPortEnterCritical
 .text.vPortExitCritical
                0x1a00053c       0x24 ./freertos/src/port.o
                0x1a00053c                vPortExitCritical
 .text.ulPortSetInterruptMask
                0x1a000560       0x12 ./freertos/src/port.o
                0x1a000560                ulPortSetInterruptMask
 .text.vPortClearInterruptMask
                0x1a000572        0x8 ./freertos/src/port.o
                0x1a000572                vPortClearInterruptMask
 *fill*         0x1a00057a        0x2 ff
 .text.PendSV_Handler
                0x1a00057c       0x5c ./freertos/src/port.o
                0x1a00057c                PendSV_Handler
 .text.SysTick_Handler
                0x1a0005d8       0x28 ./freertos/src/port.o
                0x1a0005d8                SysTick_Handler
 .text.vPortSuppressTicksAndSleep
                0x1a000600      0x17c ./freertos/src/port.o
                0x1a000600                vPortSuppressTicksAndSleep
 .text.vPortSetupTimerInterrupt
                0x1a00077c       0x68 ./freertos/src/port.o
                0x1a00077c                vPortSetupTimerInterrupt
 .text.vPortEnableVFP
                0x1a0007e4       0x14 ./freertos/src/port.o
 .text.xQueueGenericReset
                0x1a0007f8       0xa4 ./freertos/src/queue.o
                0x1a0007f8                xQueueGenericReset
 .text.xQueueGenericCreate
                0x1a00089c       0x78 ./freertos/src/queue.o
                0x1a00089c                xQueueGenericCreate
 .text.xQueueGenericSend
                0x1a000914      0x110 ./freertos/src/queue.o
                0x1a000914                xQueueGenericSend
 .text.xQueueGenericReceive
                0x1a000a24      0x16c ./freertos/src/queue.o
                0x1a000a24                xQueueGenericReceive
 .text.uxQueueMessagesWaiting
                0x1a000b90       0x20 ./freertos/src/queue.o
                0x1a000b90                uxQueueMessagesWaiting
 .text.prvCopyDataToQueue
                0x1a000bb0       0xce ./freertos/src/queue.o
 .text.prvCopyDataFromQueue
                0x1a000c7e       0x4c ./freertos/src/queue.o
 .text.prvUnlockQueue
                0x1a000cca       0x98 ./freertos/src/queue.o
 .text.prvIsQueueEmpty
                0x1a000d62       0x2c ./freertos/src/queue.o
 .text.prvIsQueueFull
                0x1a000d8e       0x30 ./freertos/src/queue.o
 *fill*         0x1a000dbe        0x2 ff
 .text.__check_heap_overflow
                0x1a000dc0       0x30 ./freertos/src/redlib_memfix.o
                0x1a000dc0                __check_heap_overflow
 .text.xTaskGenericCreate
                0x1a000df0      0x140 ./freertos/src/tasks.o
                0x1a000df0                xTaskGenericCreate
 .text.vTaskStartScheduler
                0x1a000f30       0x58 ./freertos/src/tasks.o
                0x1a000f30                vTaskStartScheduler
 .text.vTaskSuspendAll
                0x1a000f88       0x1c ./freertos/src/tasks.o
                0x1a000f88                vTaskSuspendAll
 .text.prvGetExpectedIdleTime
                0x1a000fa4       0x50 ./freertos/src/tasks.o
 .text.xTaskResumeAll
                0x1a000ff4       0xfc ./freertos/src/tasks.o
                0x1a000ff4                xTaskResumeAll
 .text.vTaskStepTick
                0x1a0010f0       0x24 ./freertos/src/tasks.o
                0x1a0010f0                vTaskStepTick
 .text.xTaskIncrementTick
                0x1a001114      0x15c ./freertos/src/tasks.o
                0x1a001114                xTaskIncrementTick
 .text.vTaskSwitchContext
                0x1a001270       0x9c ./freertos/src/tasks.o
                0x1a001270                vTaskSwitchContext
 .text.vTaskPlaceOnEventList
                0x1a00130c       0x60 ./freertos/src/tasks.o
                0x1a00130c                vTaskPlaceOnEventList
 .text.xTaskRemoveFromEventList
                0x1a00136c       0xac ./freertos/src/tasks.o
                0x1a00136c                xTaskRemoveFromEventList
 .text.vTaskSetTimeOutState
                0x1a001418       0x2c ./freertos/src/tasks.o
                0x1a001418                vTaskSetTimeOutState
 .text.xTaskCheckForTimeOut
                0x1a001444       0x88 ./freertos/src/tasks.o
                0x1a001444                xTaskCheckForTimeOut
 .text.vTaskMissedYield
                0x1a0014cc       0x18 ./freertos/src/tasks.o
                0x1a0014cc                vTaskMissedYield
 .text.prvIdleTask
                0x1a0014e4       0x48 ./freertos/src/tasks.o
 .text.eTaskConfirmSleepModeStatus
                0x1a00152c       0x5c ./freertos/src/tasks.o
                0x1a00152c                eTaskConfirmSleepModeStatus
 .text.prvInitialiseTCBVariables
                0x1a001588       0x94 ./freertos/src/tasks.o
 .text.prvInitialiseTaskLists
                0x1a00161c       0x80 ./freertos/src/tasks.o
 .text.prvCheckTasksWaitingTermination
                0x1a00169c       0x78 ./freertos/src/tasks.o
 .text.prvAddCurrentTaskToDelayedList
                0x1a001714       0x6c ./freertos/src/tasks.o
 .text.prvAllocateTCBAndStack
                0x1a001780       0x62 ./freertos/src/tasks.o
 .text.prvDeleteTCB
                0x1a0017e2       0x20 ./freertos/src/tasks.o
 *fill*         0x1a001802        0x2 ff
 .text.prvResetNextTaskUnblockTime
                0x1a001804       0x4c ./freertos/src/tasks.o
 .text.xTaskGetCurrentTaskHandle
                0x1a001850       0x20 ./freertos/src/tasks.o
                0x1a001850                xTaskGetCurrentTaskHandle
 .text.vTaskPriorityInherit
                0x1a001870       0xbc ./freertos/src/tasks.o
                0x1a001870                vTaskPriorityInherit
 .text.vTaskPriorityDisinherit
                0x1a00192c       0x84 ./freertos/src/tasks.o
                0x1a00192c                vTaskPriorityDisinherit
 .text.ResetISR
                0x1a0019b0       0xc4 ./example/src/cr_startup_lpc43xx.o
                0x1a0019b0                ResetISR
 .text.prvSetupHardware
                0x1a001a74       0x18 ./example/src/freertos_examples_10_to_16.o
 .text.vSenderTask
                0x1a001a8c       0x50 ./example/src/freertos_examples_10_to_16.o
 .text.vReceiverTask
                0x1a001adc       0x68 ./example/src/freertos_examples_10_to_16.o
 .text.main     0x1a001b44       0xa4 ./example/src/freertos_examples_10_to_16.o
                0x1a001b44                main
 .text.SystemInit
                0x1a001be8       0x28 ./example/src/sysinit.o
                0x1a001be8                SystemInit
 .text.Chip_SCU_PinMuxSet
                0x1a001c10       0x34 C:\Users\Admin\Documents\git\embebidos\TP3_embebidos\lpc_board_nxp_lpcxpresso_4337\Debug\liblpc_board_nxp_lpcxpresso_4337.a(board.o)
 .text.Chip_ENET_RMIIEnable
                0x1a001c44       0x28 C:\Users\Admin\Documents\git\embebidos\TP3_embebidos\lpc_board_nxp_lpcxpresso_4337\Debug\liblpc_board_nxp_lpcxpresso_4337.a(board.o)
 .text.Chip_GPIO_SetPinState
                0x1a001c6c       0x38 C:\Users\Admin\Documents\git\embebidos\TP3_embebidos\lpc_board_nxp_lpcxpresso_4337\Debug\liblpc_board_nxp_lpcxpresso_4337.a(board.o)
 .text.Chip_GPIO_SetPinDIROutput
                0x1a001ca4       0x3e C:\Users\Admin\Documents\git\embebidos\TP3_embebidos\lpc_board_nxp_lpcxpresso_4337\Debug\liblpc_board_nxp_lpcxpresso_4337.a(board.o)
 .text.Chip_GPIO_SetPinDIRInput
                0x1a001ce2       0x40 C:\Users\Admin\Documents\git\embebidos\TP3_embebidos\lpc_board_nxp_lpcxpresso_4337\Debug\liblpc_board_nxp_lpcxpresso_4337.a(board.o)
 .text.Chip_UART_TXEnable
                0x1a001d22       0x1a C:\Users\Admin\Documents\git\embebidos\TP3_embebidos\lpc_board_nxp_lpcxpresso_4337\Debug\liblpc_board_nxp_lpcxpresso_4337.a(board.o)
 .text.Chip_UART_SendByte
                0x1a001d3c       0x1e C:\Users\Admin\Documents\git\embebidos\TP3_embebidos\lpc_board_nxp_lpcxpresso_4337\Debug\liblpc_board_nxp_lpcxpresso_4337.a(board.o)
 .text.Chip_UART_ConfigData
                0x1a001d5a       0x1c C:\Users\Admin\Documents\git\embebidos\TP3_embebidos\lpc_board_nxp_lpcxpresso_4337\Debug\liblpc_board_nxp_lpcxpresso_4337.a(board.o)
 .text.Chip_UART_ReadLineStatus
                0x1a001d76       0x18 C:\Users\Admin\Documents\git\embebidos\TP3_embebidos\lpc_board_nxp_lpcxpresso_4337\Debug\liblpc_board_nxp_lpcxpresso_4337.a(board.o)
 .text.__sys_write
                0x1a001d8e       0x38 C:\Users\Admin\Documents\git\embebidos\TP3_embebidos\lpc_board_nxp_lpcxpresso_4337\Debug\liblpc_board_nxp_lpcxpresso_4337.a(board.o)
                0x1a001d8e                __sys_write
 .text.Board_UART_Init
                0x1a001dc6       0x24 C:\Users\Admin\Documents\git\embebidos\TP3_embebidos\lpc_board_nxp_lpcxpresso_4337\Debug\liblpc_board_nxp_lpcxpresso_4337.a(board.o)
                0x1a001dc6                Board_UART_Init
 *fill*         0x1a001dea        0x2 ff
 .text.Board_Debug_Init
                0x1a001dec       0x30 C:\Users\Admin\Documents\git\embebidos\TP3_embebidos\lpc_board_nxp_lpcxpresso_4337\Debug\liblpc_board_nxp_lpcxpresso_4337.a(board.o)
                0x1a001dec                Board_Debug_Init
 .text.Board_UARTPutChar
                0x1a001e1c       0x34 C:\Users\Admin\Documents\git\embebidos\TP3_embebidos\lpc_board_nxp_lpcxpresso_4337\Debug\liblpc_board_nxp_lpcxpresso_4337.a(board.o)
                0x1a001e1c                Board_UARTPutChar
 .text.Board_LED_Init
                0x1a001e50       0x5c C:\Users\Admin\Documents\git\embebidos\TP3_embebidos\lpc_board_nxp_lpcxpresso_4337\Debug\liblpc_board_nxp_lpcxpresso_4337.a(board.o)
 .text.Board_LED_Set
                0x1a001eac       0x48 C:\Users\Admin\Documents\git\embebidos\TP3_embebidos\lpc_board_nxp_lpcxpresso_4337\Debug\liblpc_board_nxp_lpcxpresso_4337.a(board.o)
                0x1a001eac                Board_LED_Set
 .text.Board_Buttons_Init
                0x1a001ef4       0x44 C:\Users\Admin\Documents\git\embebidos\TP3_embebidos\lpc_board_nxp_lpcxpresso_4337\Debug\liblpc_board_nxp_lpcxpresso_4337.a(board.o)
                0x1a001ef4                Board_Buttons_Init
 .text.Board_Init
                0x1a001f38       0x28 C:\Users\Admin\Documents\git\embebidos\TP3_embebidos\lpc_board_nxp_lpcxpresso_4337\Debug\liblpc_board_nxp_lpcxpresso_4337.a(board.o)
                0x1a001f38                Board_Init
 .text.Chip_SCU_PinMuxSet
                0x1a001f60       0x34 C:\Users\Admin\Documents\git\embebidos\TP3_embebidos\lpc_board_nxp_lpcxpresso_4337\Debug\liblpc_board_nxp_lpcxpresso_4337.a(board_sysinit.o)
 .text.Chip_SCU_SetPinMuxing
                0x1a001f94       0x4a C:\Users\Admin\Documents\git\embebidos\TP3_embebidos\lpc_board_nxp_lpcxpresso_4337\Debug\liblpc_board_nxp_lpcxpresso_4337.a(board_sysinit.o)
 *fill*         0x1a001fde        0x2 ff
 .text.Chip_CREG_SetFlashAcceleration
                0x1a001fe0       0x54 C:\Users\Admin\Documents\git\embebidos\TP3_embebidos\lpc_board_nxp_lpcxpresso_4337\Debug\liblpc_board_nxp_lpcxpresso_4337.a(board_sysinit.o)
 .text.Board_SetupMuxing
                0x1a002034       0x14 C:\Users\Admin\Documents\git\embebidos\TP3_embebidos\lpc_board_nxp_lpcxpresso_4337\Debug\liblpc_board_nxp_lpcxpresso_4337.a(board_sysinit.o)
                0x1a002034                Board_SetupMuxing
 .text.Board_SetupClocking
                0x1a002048       0x84 C:\Users\Admin\Documents\git\embebidos\TP3_embebidos\lpc_board_nxp_lpcxpresso_4337\Debug\liblpc_board_nxp_lpcxpresso_4337.a(board_sysinit.o)
                0x1a002048                Board_SetupClocking
 .text.Board_SystemInit
                0x1a0020cc       0x10 C:\Users\Admin\Documents\git\embebidos\TP3_embebidos\lpc_board_nxp_lpcxpresso_4337\Debug\liblpc_board_nxp_lpcxpresso_4337.a(board_sysinit.o)
                0x1a0020cc                Board_SystemInit
 .text.SystemCoreClockUpdate
                0x1a0020dc       0x18 C:\Users\Admin\Documents\git\embebidos\TP3_embebidos\lpc_chip_43xx\Debug\liblpc_chip_43xx.a(chip_18xx_43xx.o)
                0x1a0020dc                SystemCoreClockUpdate
 .text.ABS      0x1a0020f4       0x22 C:\Users\Admin\Documents\git\embebidos\TP3_embebidos\lpc_chip_43xx\Debug\liblpc_chip_43xx.a(clock_18xx_43xx.o)
 *fill*         0x1a002116        0x2 ff
 .text.pll_calc_divs
                0x1a002118      0x124 C:\Users\Admin\Documents\git\embebidos\TP3_embebidos\lpc_chip_43xx\Debug\liblpc_chip_43xx.a(clock_18xx_43xx.o)
 .text.pll_get_frac
                0x1a00223c      0x176 C:\Users\Admin\Documents\git\embebidos\TP3_embebidos\lpc_chip_43xx\Debug\liblpc_chip_43xx.a(clock_18xx_43xx.o)
 .text.Chip_Clock_GetDivRate
                0x1a0023b2       0x40 C:\Users\Admin\Documents\git\embebidos\TP3_embebidos\lpc_chip_43xx\Debug\liblpc_chip_43xx.a(clock_18xx_43xx.o)
 *fill*         0x1a0023f2        0x2 ff
 .text.Chip_Clock_FindBaseClock
                0x1a0023f4       0x90 C:\Users\Admin\Documents\git\embebidos\TP3_embebidos\lpc_chip_43xx\Debug\liblpc_chip_43xx.a(clock_18xx_43xx.o)
 .text.Chip_Clock_EnableCrystal
                0x1a002484       0x70 C:\Users\Admin\Documents\git\embebidos\TP3_embebidos\lpc_chip_43xx\Debug\liblpc_chip_43xx.a(clock_18xx_43xx.o)
                0x1a002484                Chip_Clock_EnableCrystal
 .text.Chip_Clock_CalcMainPLLValue
                0x1a0024f4       0xd8 C:\Users\Admin\Documents\git\embebidos\TP3_embebidos\lpc_chip_43xx\Debug\liblpc_chip_43xx.a(clock_18xx_43xx.o)
                0x1a0024f4                Chip_Clock_CalcMainPLLValue
 .text.Chip_Clock_GetMainPLLHz
                0x1a0025cc       0xc0 C:\Users\Admin\Documents\git\embebidos\TP3_embebidos\lpc_chip_43xx\Debug\liblpc_chip_43xx.a(clock_18xx_43xx.o)
                0x1a0025cc                Chip_Clock_GetMainPLLHz
 .text.Chip_Clock_GetDividerSource
                0x1a00268c       0x40 C:\Users\Admin\Documents\git\embebidos\TP3_embebidos\lpc_chip_43xx\Debug\liblpc_chip_43xx.a(clock_18xx_43xx.o)
                0x1a00268c                Chip_Clock_GetDividerSource
 .text.Chip_Clock_GetDividerDivisor
                0x1a0026cc       0x38 C:\Users\Admin\Documents\git\embebidos\TP3_embebidos\lpc_chip_43xx\Debug\liblpc_chip_43xx.a(clock_18xx_43xx.o)
                0x1a0026cc                Chip_Clock_GetDividerDivisor
 .text.Chip_Clock_GetClockInputHz
                0x1a002704      0x140 C:\Users\Admin\Documents\git\embebidos\TP3_embebidos\lpc_chip_43xx\Debug\liblpc_chip_43xx.a(clock_18xx_43xx.o)
                0x1a002704                Chip_Clock_GetClockInputHz
 .text.Chip_Clock_GetBaseClocktHz
                0x1a002844       0x24 C:\Users\Admin\Documents\git\embebidos\TP3_embebidos\lpc_chip_43xx\Debug\liblpc_chip_43xx.a(clock_18xx_43xx.o)
                0x1a002844                Chip_Clock_GetBaseClocktHz
 .text.Chip_Clock_SetBaseClock
                0x1a002868       0x9c C:\Users\Admin\Documents\git\embebidos\TP3_embebidos\lpc_chip_43xx\Debug\liblpc_chip_43xx.a(clock_18xx_43xx.o)
                0x1a002868                Chip_Clock_SetBaseClock
 .text.Chip_Clock_GetBaseClock
                0x1a002904       0x4c C:\Users\Admin\Documents\git\embebidos\TP3_embebidos\lpc_chip_43xx\Debug\liblpc_chip_43xx.a(clock_18xx_43xx.o)
                0x1a002904                Chip_Clock_GetBaseClock
 .text.Chip_Clock_EnableOpts
                0x1a002950       0x7c C:\Users\Admin\Documents\git\embebidos\TP3_embebidos\lpc_chip_43xx\Debug\liblpc_chip_43xx.a(clock_18xx_43xx.o)
                0x1a002950                Chip_Clock_EnableOpts
 .text.Chip_Clock_GetRate
                0x1a0029cc       0x88 C:\Users\Admin\Documents\git\embebidos\TP3_embebidos\lpc_chip_43xx\Debug\liblpc_chip_43xx.a(clock_18xx_43xx.o)
                0x1a0029cc                Chip_Clock_GetRate
 .text.fpuInit  0x1a002a54       0x74 C:\Users\Admin\Documents\git\embebidos\TP3_embebidos\lpc_chip_43xx\Debug\liblpc_chip_43xx.a(fpu_init.o)
                0x1a002a54                fpuInit
 .text.Chip_GPIO_Init
                0x1a002ac8       0x14 C:\Users\Admin\Documents\git\embebidos\TP3_embebidos\lpc_chip_43xx\Debug\liblpc_chip_43xx.a(gpio_18xx_43xx.o)
                0x1a002ac8                Chip_GPIO_Init
 .text.Chip_Clock_DisableMainPLL
                0x1a002adc       0x20 C:\Users\Admin\Documents\git\embebidos\TP3_embebidos\lpc_chip_43xx\Debug\liblpc_chip_43xx.a(sysinit_18xx_43xx.o)
 .text.Chip_Clock_SetupMainPLL
                0x1a002afc       0x44 C:\Users\Admin\Documents\git\embebidos\TP3_embebidos\lpc_chip_43xx\Debug\liblpc_chip_43xx.a(sysinit_18xx_43xx.o)
 .text.Chip_Clock_MainPLLLocked
                0x1a002b40       0x24 C:\Users\Admin\Documents\git\embebidos\TP3_embebidos\lpc_chip_43xx\Debug\liblpc_chip_43xx.a(sysinit_18xx_43xx.o)
 .text.Chip_SetupCoreClock
                0x1a002b64      0x15c C:\Users\Admin\Documents\git\embebidos\TP3_embebidos\lpc_chip_43xx\Debug\liblpc_chip_43xx.a(sysinit_18xx_43xx.o)
                0x1a002b64                Chip_SetupCoreClock
 .text.Chip_UART_TXDisable
                0x1a002cc0       0x1a C:\Users\Admin\Documents\git\embebidos\TP3_embebidos\lpc_chip_43xx\Debug\liblpc_chip_43xx.a(uart_18xx_43xx.o)
 .text.Chip_UART_SetupFIFOS
                0x1a002cda       0x1c C:\Users\Admin\Documents\git\embebidos\TP3_embebidos\lpc_chip_43xx\Debug\liblpc_chip_43xx.a(uart_18xx_43xx.o)
 .text.Chip_UART_ConfigData
                0x1a002cf6       0x1c C:\Users\Admin\Documents\git\embebidos\TP3_embebidos\lpc_chip_43xx\Debug\liblpc_chip_43xx.a(uart_18xx_43xx.o)
 .text.Chip_UART_EnableDivisorAccess
                0x1a002d12       0x20 C:\Users\Admin\Documents\git\embebidos\TP3_embebidos\lpc_chip_43xx\Debug\liblpc_chip_43xx.a(uart_18xx_43xx.o)
 .text.Chip_UART_DisableDivisorAccess
                0x1a002d32       0x20 C:\Users\Admin\Documents\git\embebidos\TP3_embebidos\lpc_chip_43xx\Debug\liblpc_chip_43xx.a(uart_18xx_43xx.o)
 .text.Chip_UART_SetDivisorLatches
                0x1a002d52       0x28 C:\Users\Admin\Documents\git\embebidos\TP3_embebidos\lpc_chip_43xx\Debug\liblpc_chip_43xx.a(uart_18xx_43xx.o)
 *fill*         0x1a002d7a        0x2 ff
 .text.Chip_UART_GetIndex
                0x1a002d7c       0x68 C:\Users\Admin\Documents\git\embebidos\TP3_embebidos\lpc_chip_43xx\Debug\liblpc_chip_43xx.a(uart_18xx_43xx.o)
 .text.Chip_UART_Init
                0x1a002de4       0x84 C:\Users\Admin\Documents\git\embebidos\TP3_embebidos\lpc_chip_43xx\Debug\liblpc_chip_43xx.a(uart_18xx_43xx.o)
                0x1a002de4                Chip_UART_Init
 .text.Chip_UART_SetBaudFDR
                0x1a002e68      0x16c C:\Users\Admin\Documents\git\embebidos\TP3_embebidos\lpc_chip_43xx\Debug\liblpc_chip_43xx.a(uart_18xx_43xx.o)
                0x1a002e68                Chip_UART_SetBaudFDR
 .text.__main   0x1a002fd4        0xe c:/nxp/mcuxpressoide_11.0.1_2563/ide/plugins/com.nxp.mcuxpresso.tools.win32_11.0.1.201907311258/tools/bin/../lib/gcc/arm-none-eabi/8.2.1/../../../../arm-none-eabi/lib/thumb/v7e-m+fp/softfp\libcr_nohost.a(_cr__main.o)
                0x1a002fd4                __main
 .text.memcpy   0x1a002fe2        0x4 c:/nxp/mcuxpressoide_11.0.1_2563/ide/plugins/com.nxp.mcuxpresso.tools.win32_11.0.1.201907311258/tools/bin/../lib/gcc/arm-none-eabi/8.2.1/../../../../arm-none-eabi/lib/thumb/v7e-m+fp/softfp\libcr_c.a(memcpy.o)
                0x1a002fe2                memcpy
 .text.memset   0x1a002fe6        0x4 c:/nxp/mcuxpressoide_11.0.1_2563/ide/plugins/com.nxp.mcuxpresso.tools.win32_11.0.1.201907311258/tools/bin/../lib/gcc/arm-none-eabi/8.2.1/../../../../arm-none-eabi/lib/thumb/v7e-m+fp/softfp\libcr_c.a(memset.o)
                0x1a002fe6                memset
 *fill*         0x1a002fea        0x2 ff
 .text.malloc   0x1a002fec       0xc8 c:/nxp/mcuxpressoide_11.0.1_2563/ide/plugins/com.nxp.mcuxpresso.tools.win32_11.0.1.201907311258/tools/bin/../lib/gcc/arm-none-eabi/8.2.1/../../../../arm-none-eabi/lib/thumb/v7e-m+fp/softfp\libcr_c.a(alloc.o)
                0x1a002fec                malloc
 .text.free     0x1a0030b4       0x30 c:/nxp/mcuxpressoide_11.0.1_2563/ide/plugins/com.nxp.mcuxpresso.tools.win32_11.0.1.201907311258/tools/bin/../lib/gcc/arm-none-eabi/8.2.1/../../../../arm-none-eabi/lib/thumb/v7e-m+fp/softfp\libcr_c.a(alloc.o)
                0x1a0030b4                free
 .text._Csys_alloc
                0x1a0030e4       0x20 c:/nxp/mcuxpressoide_11.0.1_2563/ide/plugins/com.nxp.mcuxpresso.tools.win32_11.0.1.201907311258/tools/bin/../lib/gcc/arm-none-eabi/8.2.1/../../../../arm-none-eabi/lib/thumb/v7e-m+fp/softfp\libcr_c.a(alloc.o)
                0x1a0030e4                _Csys_alloc
 .text.fp_round
                0x1a003104       0x4e c:/nxp/mcuxpressoide_11.0.1_2563/ide/plugins/com.nxp.mcuxpresso.tools.win32_11.0.1.201907311258/tools/bin/../lib/gcc/arm-none-eabi/8.2.1/../../../../arm-none-eabi/lib/thumb/v7e-m+fp/softfp\libcr_c.a(fpprintf.o)
 .text.pr_dec.constprop.1
                0x1a003152       0x26 c:/nxp/mcuxpressoide_11.0.1_2563/ide/plugins/com.nxp.mcuxpresso.tools.win32_11.0.1.201907311258/tools/bin/../lib/gcc/arm-none-eabi/8.2.1/../../../../arm-none-eabi/lib/thumb/v7e-m+fp/softfp\libcr_c.a(fpprintf.o)
 .text.sprintf  0x1a003178       0x6c c:/nxp/mcuxpressoide_11.0.1_2563/ide/plugins/com.nxp.mcuxpresso.tools.win32_11.0.1.201907311258/tools/bin/../lib/gcc/arm-none-eabi/8.2.1/../../../../arm-none-eabi/lib/thumb/v7e-m+fp/softfp\libcr_c.a(fpprintf.o)
                0x1a003178                sprintf
 *fill*         0x1a0031e4        0x4 ff
 .text.fp_display
                0x1a0031e8      0x954 c:/nxp/mcuxpressoide_11.0.1_2563/ide/plugins/com.nxp.mcuxpresso.tools.win32_11.0.1.201907311258/tools/bin/../lib/gcc/arm-none-eabi/8.2.1/../../../../arm-none-eabi/lib/thumb/v7e-m+fp/softfp\libcr_c.a(fpprintf.o)
 .text.vsnprintf
                0x1a003b3c       0x68 c:/nxp/mcuxpressoide_11.0.1_2563/ide/plugins/com.nxp.mcuxpresso.tools.win32_11.0.1.201907311258/tools/bin/../lib/gcc/arm-none-eabi/8.2.1/../../../../arm-none-eabi/lib/thumb/v7e-m+fp/softfp\libcr_c.a(fpprintf.o)
                0x1a003b3c                vsnprintf
 .text.printf   0x1a003ba4       0x54 c:/nxp/mcuxpressoide_11.0.1_2563/ide/plugins/com.nxp.mcuxpresso.tools.win32_11.0.1.201907311258/tools/bin/../lib/gcc/arm-none-eabi/8.2.1/../../../../arm-none-eabi/lib/thumb/v7e-m+fp/softfp\libcr_c.a(fpprintf.o)
                0x1a003ba4                printf
 .text._initio  0x1a003bf8       0x78 c:/nxp/mcuxpressoide_11.0.1_2563/ide/plugins/com.nxp.mcuxpresso.tools.win32_11.0.1.201907311258/tools/bin/../lib/gcc/arm-none-eabi/8.2.1/../../../../arm-none-eabi/lib/thumb/v7e-m+fp/softfp\libcr_c.a(initio.o)
                0x1a003bf8                _initio
 .text.__vfprintf
                0x1a003c70      0xbe0 c:/nxp/mcuxpressoide_11.0.1_2563/ide/plugins/com.nxp.mcuxpresso.tools.win32_11.0.1.201907311258/tools/bin/../lib/gcc/arm-none-eabi/8.2.1/../../../../arm-none-eabi/lib/thumb/v7e-m+fp/softfp\libcr_c.a(printf.o)
                0x1a003c70                __vfprintf
 .text.setvbuf  0x1a004850       0x40 c:/nxp/mcuxpressoide_11.0.1_2563/ide/plugins/com.nxp.mcuxpresso.tools.win32_11.0.1.201907311258/tools/bin/../lib/gcc/arm-none-eabi/8.2.1/../../../../arm-none-eabi/lib/thumb/v7e-m+fp/softfp\libcr_c.a(setvbuf.o)
                0x1a004850                setvbuf
 .text.strlen   0x1a004890       0x4c c:/nxp/mcuxpressoide_11.0.1_2563/ide/plugins/com.nxp.mcuxpresso.tools.win32_11.0.1.201907311258/tools/bin/../lib/gcc/arm-none-eabi/8.2.1/../../../../arm-none-eabi/lib/thumb/v7e-m+fp/softfp\libcr_c.a(strlen.o)
                0x1a004890                strlen
 .text._sbrk    0x1a0048dc       0x3c c:/nxp/mcuxpressoide_11.0.1_2563/ide/plugins/com.nxp.mcuxpresso.tools.win32_11.0.1.201907311258/tools/bin/../lib/gcc/arm-none-eabi/8.2.1/../../../../arm-none-eabi/lib/thumb/v7e-m+fp/softfp\libcr_c.a(_cr_sbrk.o)
                0x1a0048dc                _sbrk
 .text._deferredlazyseek
                0x1a004918       0x40 c:/nxp/mcuxpressoide_11.0.1_2563/ide/plugins/com.nxp.mcuxpresso.tools.win32_11.0.1.201907311258/tools/bin/../lib/gcc/arm-none-eabi/8.2.1/../../../../arm-none-eabi/lib/thumb/v7e-m+fp/softfp\libcr_c.a(_deferredlazyseek.o)
                0x1a004918                _deferredlazyseek
 .text.__flsbuf
                0x1a004958      0x140 c:/nxp/mcuxpressoide_11.0.1_2563/ide/plugins/com.nxp.mcuxpresso.tools.win32_11.0.1.201907311258/tools/bin/../lib/gcc/arm-none-eabi/8.2.1/../../../../arm-none-eabi/lib/thumb/v7e-m+fp/softfp\libcr_c.a(_deferredlazyseek.o)
                0x1a004958                __flsbuf
 .text._fdopen  0x1a004a98       0x68 c:/nxp/mcuxpressoide_11.0.1_2563/ide/plugins/com.nxp.mcuxpresso.tools.win32_11.0.1.201907311258/tools/bin/../lib/gcc/arm-none-eabi/8.2.1/../../../../arm-none-eabi/lib/thumb/v7e-m+fp/softfp\libcr_c.a(_fdopen.o)
                0x1a004a98                _fdopen
 .text._fflush  0x1a004b00       0x52 c:/nxp/mcuxpressoide_11.0.1_2563/ide/plugins/com.nxp.mcuxpresso.tools.win32_11.0.1.201907311258/tools/bin/../lib/gcc/arm-none-eabi/8.2.1/../../../../arm-none-eabi/lib/thumb/v7e-m+fp/softfp\libcr_c.a(_fflush.o)
                0x1a004b00                _fflush
 .text._frexpl  0x1a004b52       0x56 c:/nxp/mcuxpressoide_11.0.1_2563/ide/plugins/com.nxp.mcuxpresso.tools.win32_11.0.1.201907311258/tools/bin/../lib/gcc/arm-none-eabi/8.2.1/../../../../arm-none-eabi/lib/thumb/v7e-m+fp/softfp\libcr_c.a(_frexpl.o)
                0x1a004b52                _frexpl
 .text._ldexpl  0x1a004ba8       0x48 c:/nxp/mcuxpressoide_11.0.1_2563/ide/plugins/com.nxp.mcuxpresso.tools.win32_11.0.1.201907311258/tools/bin/../lib/gcc/arm-none-eabi/8.2.1/../../../../arm-none-eabi/lib/thumb/v7e-m+fp/softfp\libcr_c.a(_ldexpl.o)
                0x1a004ba8                _ldexpl
 .text._Cwritebuf
                0x1a004bf0       0x6c c:/nxp/mcuxpressoide_11.0.1_2563/ide/plugins/com.nxp.mcuxpresso.tools.win32_11.0.1.201907311258/tools/bin/../lib/gcc/arm-none-eabi/8.2.1/../../../../arm-none-eabi/lib/thumb/v7e-m+fp/softfp\libcr_c.a(_writebuf.o)
                0x1a004bf0                _Cwritebuf
 .text.fclose   0x1a004c5c       0x58 c:/nxp/mcuxpressoide_11.0.1_2563/ide/plugins/com.nxp.mcuxpresso.tools.win32_11.0.1.201907311258/tools/bin/../lib/gcc/arm-none-eabi/8.2.1/../../../../arm-none-eabi/lib/thumb/v7e-m+fp/softfp\libcr_c.a(fclose.o)
                0x1a004c5c                fclose
 .text.fflush   0x1a004cb4       0x44 c:/nxp/mcuxpressoide_11.0.1_2563/ide/plugins/com.nxp.mcuxpresso.tools.win32_11.0.1.201907311258/tools/bin/../lib/gcc/arm-none-eabi/8.2.1/../../../../arm-none-eabi/lib/thumb/v7e-m+fp/softfp\libcr_c.a(fflush.o)
                0x1a004cb4                fflush
 .text.fseek    0x1a004cf8      0x100 c:/nxp/mcuxpressoide_11.0.1_2563/ide/plugins/com.nxp.mcuxpresso.tools.win32_11.0.1.201907311258/tools/bin/../lib/gcc/arm-none-eabi/8.2.1/../../../../arm-none-eabi/lib/thumb/v7e-m+fp/softfp\libcr_c.a(fseek.o)
                0x1a004cf8                fseek
 .text.ftell    0x1a004df8       0x48 c:/nxp/mcuxpressoide_11.0.1_2563/ide/plugins/com.nxp.mcuxpresso.tools.win32_11.0.1.201907311258/tools/bin/../lib/gcc/arm-none-eabi/8.2.1/../../../../arm-none-eabi/lib/thumb/v7e-m+fp/softfp\libcr_c.a(ftell.o)
                0x1a004df8                ftell
 .text.remove   0x1a004e40       0x14 c:/nxp/mcuxpressoide_11.0.1_2563/ide/plugins/com.nxp.mcuxpresso.tools.win32_11.0.1.201907311258/tools/bin/../lib/gcc/arm-none-eabi/8.2.1/../../../../arm-none-eabi/lib/thumb/v7e-m+fp/softfp\libcr_c.a(remove.o)
                0x1a004e40                remove
 .text._do_fflush
                0x1a004e54       0x40 c:/nxp/mcuxpressoide_11.0.1_2563/ide/plugins/com.nxp.mcuxpresso.tools.win32_11.0.1.201907311258/tools/bin/../lib/gcc/arm-none-eabi/8.2.1/../../../../arm-none-eabi/lib/thumb/v7e-m+fp/softfp\libcr_c.a(_do_fflush.o)
                0x1a004e54                _do_fflush
 .text.__aeabi_division_uldivmod
                0x1a004e94      0x174 c:/nxp/mcuxpressoide_11.0.1_2563/ide/plugins/com.nxp.mcuxpresso.tools.win32_11.0.1.201907311258/tools/bin/../lib/gcc/arm-none-eabi/8.2.1/thumb/v7e-m+fp/softfp\libcr_eabihelpers.a(division_64.o)
                0x1a004e94                __aeabi_uldivmod
                0x1a004e98                __bhs_ldivmod1
 .text.__aeabi_division_idiv0
                0x1a005008        0x2 c:/nxp/mcuxpressoide_11.0.1_2563/ide/plugins/com.nxp.mcuxpresso.tools.win32_11.0.1.201907311258/tools/bin/../lib/gcc/arm-none-eabi/8.2.1/thumb/v7e-m+fp/softfp\libcr_eabihelpers.a(division_idiv0.o)
                0x1a005008                __aeabi_idiv0
 *fill*         0x1a00500a        0x2 ff
 .text.__aeabi_dmul
                0x1a00500c      0x114 c:/nxp/mcuxpressoide_11.0.1_2563/ide/plugins/com.nxp.mcuxpresso.tools.win32_11.0.1.201907311258/tools/bin/../lib/gcc/arm-none-eabi/8.2.1/thumb/v7e-m+fp/softfp\libcr_eabihelpers.a(double.o)
                0x1a00500c                __aeabi_dmul
 .text.__aeabi_ddiv
                0x1a005120      0x150 c:/nxp/mcuxpressoide_11.0.1_2563/ide/plugins/com.nxp.mcuxpresso.tools.win32_11.0.1.201907311258/tools/bin/../lib/gcc/arm-none-eabi/8.2.1/thumb/v7e-m+fp/softfp\libcr_eabihelpers.a(double.o)
                0x1a005120                __aeabi_ddiv
 .text.__aeabi_dsub
                0x1a005270      0x1ac c:/nxp/mcuxpressoide_11.0.1_2563/ide/plugins/com.nxp.mcuxpresso.tools.win32_11.0.1.201907311258/tools/bin/../lib/gcc/arm-none-eabi/8.2.1/thumb/v7e-m+fp/softfp\libcr_eabihelpers.a(double.o)
                0x1a005270                __aeabi_dsub
 .text.__aeabi_dadd
                0x1a00541c      0x114 c:/nxp/mcuxpressoide_11.0.1_2563/ide/plugins/com.nxp.mcuxpresso.tools.win32_11.0.1.201907311258/tools/bin/../lib/gcc/arm-none-eabi/8.2.1/thumb/v7e-m+fp/softfp\libcr_eabihelpers.a(double.o)
                0x1a00541c                __aeabi_dadd
 .text.__aeabi_d2iz
                0x1a005530       0x40 c:/nxp/mcuxpressoide_11.0.1_2563/ide/plugins/com.nxp.mcuxpresso.tools.win32_11.0.1.201907311258/tools/bin/../lib/gcc/arm-none-eabi/8.2.1/thumb/v7e-m+fp/softfp\libcr_eabihelpers.a(double.o)
                0x1a005530                __aeabi_d2iz
 .text.__bhs_ui2d
                0x1a005570       0x46 c:/nxp/mcuxpressoide_11.0.1_2563/ide/plugins/com.nxp.mcuxpresso.tools.win32_11.0.1.201907311258/tools/bin/../lib/gcc/arm-none-eabi/8.2.1/thumb/v7e-m+fp/softfp\libcr_eabihelpers.a(double.o)
                0x1a005570                __bhs_ui2d
 .text.__aeabi_i2d
                0x1a0055b6       0x12 c:/nxp/mcuxpressoide_11.0.1_2563/ide/plugins/com.nxp.mcuxpresso.tools.win32_11.0.1.201907311258/tools/bin/../lib/gcc/arm-none-eabi/8.2.1/thumb/v7e-m+fp/softfp\libcr_eabihelpers.a(double.o)
                0x1a0055b6                __aeabi_i2d
 .text.__aeabi_dcmpeq
                0x1a0055c8       0x2e c:/nxp/mcuxpressoide_11.0.1_2563/ide/plugins/com.nxp.mcuxpresso.tools.win32_11.0.1.201907311258/tools/bin/../lib/gcc/arm-none-eabi/8.2.1/thumb/v7e-m+fp/softfp\libcr_eabihelpers.a(double.o)
                0x1a0055c8                __aeabi_dcmpeq
 .text.__aeabi_dcmplt
                0x1a0055f6       0x56 c:/nxp/mcuxpressoide_11.0.1_2563/ide/plugins/com.nxp.mcuxpresso.tools.win32_11.0.1.201907311258/tools/bin/../lib/gcc/arm-none-eabi/8.2.1/thumb/v7e-m+fp/softfp\libcr_eabihelpers.a(double.o)
                0x1a0055f6                __aeabi_dcmplt
 .text.__aeabi_dcmple
                0x1a00564c       0x56 c:/nxp/mcuxpressoide_11.0.1_2563/ide/plugins/com.nxp.mcuxpresso.tools.win32_11.0.1.201907311258/tools/bin/../lib/gcc/arm-none-eabi/8.2.1/thumb/v7e-m+fp/softfp\libcr_eabihelpers.a(double.o)
                0x1a00564c                __aeabi_dcmple
 .text.__aeabi_dcmpge
                0x1a0056a2       0x5c c:/nxp/mcuxpressoide_11.0.1_2563/ide/plugins/com.nxp.mcuxpresso.tools.win32_11.0.1.201907311258/tools/bin/../lib/gcc/arm-none-eabi/8.2.1/thumb/v7e-m+fp/softfp\libcr_eabihelpers.a(double.o)
                0x1a0056a2                __aeabi_dcmpge
 .text.__aeabi_memcpy
                0x1a0056fe       0x34 c:/nxp/mcuxpressoide_11.0.1_2563/ide/plugins/com.nxp.mcuxpresso.tools.win32_11.0.1.201907311258/tools/bin/../lib/gcc/arm-none-eabi/8.2.1/thumb/v7e-m+fp/softfp\libcr_eabihelpers.a(memcpy.o)
                0x1a0056fe                __aeabi_memcpy
                0x1a005708                __aeabi_memcpy8
                0x1a005708                __aeabi_memcpy4
 .text.__aeabi_memset_lowlevel
                0x1a005732       0x32 c:/nxp/mcuxpressoide_11.0.1_2563/ide/plugins/com.nxp.mcuxpresso.tools.win32_11.0.1.201907311258/tools/bin/../lib/gcc/arm-none-eabi/8.2.1/thumb/v7e-m+fp/softfp\libcr_eabihelpers.a(memcpy.o)
                0x1a005732                __aeabi_lowlevel_memset
 .text.__sys_appexit
                0x1a005764        0x2 c:/nxp/mcuxpressoide_11.0.1_2563/ide/plugins/com.nxp.mcuxpresso.tools.win32_11.0.1.201907311258/tools/bin/../lib/gcc/arm-none-eabi/8.2.1/../../../../arm-none-eabi/lib/thumb/v7e-m+fp/softfp\libcr_nohost.a(__sys_appexit.o)
                0x1a005764                __sys_appexit
                0x1a005764                __exit
 .text.__sys_close
                0x1a005766        0x6 c:/nxp/mcuxpressoide_11.0.1_2563/ide/plugins/com.nxp.mcuxpresso.tools.win32_11.0.1.201907311258/tools/bin/../lib/gcc/arm-none-eabi/8.2.1/../../../../arm-none-eabi/lib/thumb/v7e-m+fp/softfp\libcr_nohost.a(__sys_close.o)
                0x1a005766                __sys_close
 .text.__sys_flen
                0x1a00576c        0x6 c:/nxp/mcuxpressoide_11.0.1_2563/ide/plugins/com.nxp.mcuxpresso.tools.win32_11.0.1.201907311258/tools/bin/../lib/gcc/arm-none-eabi/8.2.1/../../../../arm-none-eabi/lib/thumb/v7e-m+fp/softfp\libcr_nohost.a(__sys_flen.o)
                0x1a00576c                __sys_flen
 .text.__sys_istty
                0x1a005772        0x6 c:/nxp/mcuxpressoide_11.0.1_2563/ide/plugins/com.nxp.mcuxpresso.tools.win32_11.0.1.201907311258/tools/bin/../lib/gcc/arm-none-eabi/8.2.1/../../../../arm-none-eabi/lib/thumb/v7e-m+fp/softfp\libcr_nohost.a(__sys_istty.o)
                0x1a005772                __sys_istty
 .text.__sys_remove
                0x1a005778        0x6 c:/nxp/mcuxpressoide_11.0.1_2563/ide/plugins/com.nxp.mcuxpresso.tools.win32_11.0.1.201907311258/tools/bin/../lib/gcc/arm-none-eabi/8.2.1/../../../../arm-none-eabi/lib/thumb/v7e-m+fp/softfp\libcr_nohost.a(__sys_remove.o)
                0x1a005778                __sys_remove
 .text.__sys_seek
                0x1a00577e        0x6 c:/nxp/mcuxpressoide_11.0.1_2563/ide/plugins/com.nxp.mcuxpresso.tools.win32_11.0.1.201907311258/tools/bin/../lib/gcc/arm-none-eabi/8.2.1/../../../../arm-none-eabi/lib/thumb/v7e-m+fp/softfp\libcr_nohost.a(__sys_seek.o)
                0x1a00577e                __sys_seek
 .text.__sys_tmpnam
                0x1a005784        0x6 c:/nxp/mcuxpressoide_11.0.1_2563/ide/plugins/com.nxp.mcuxpresso.tools.win32_11.0.1.201907311258/tools/bin/../lib/gcc/arm-none-eabi/8.2.1/../../../../arm-none-eabi/lib/thumb/v7e-m+fp/softfp\libcr_nohost.a(__sys_tmpnam.o)
                0x1a005784                __sys_tmpnam
 *(.rodata .rodata.* .constdata .constdata.*)
 *fill*         0x1a00578a        0x2 ff
 .rodata        0x1a00578c        0x5 ./freertos/src/tasks.o
 *fill*         0x1a005791        0x3 ff
 .rodata        0x1a005794       0xda ./example/src/freertos_examples_10_to_16.o
 *fill*         0x1a00586e        0x2 ff
 .rodata.ExtRateIn
                0x1a005870        0x4 C:\Users\Admin\Documents\git\embebidos\TP3_embebidos\lpc_board_nxp_lpcxpresso_4337\Debug\liblpc_board_nxp_lpcxpresso_4337.a(board.o)
                0x1a005870                ExtRateIn
 .rodata.OscRateIn
                0x1a005874        0x4 C:\Users\Admin\Documents\git\embebidos\TP3_embebidos\lpc_board_nxp_lpcxpresso_4337\Debug\liblpc_board_nxp_lpcxpresso_4337.a(board.o)
                0x1a005874                OscRateIn
 .rodata.gpioLEDBits
                0x1a005878        0xc C:\Users\Admin\Documents\git\embebidos\TP3_embebidos\lpc_board_nxp_lpcxpresso_4337\Debug\liblpc_board_nxp_lpcxpresso_4337.a(board.o)
 .rodata.gpioButtonBits
                0x1a005884        0x8 C:\Users\Admin\Documents\git\embebidos\TP3_embebidos\lpc_board_nxp_lpcxpresso_4337\Debug\liblpc_board_nxp_lpcxpresso_4337.a(board.o)
 .rodata.InitClkStates
                0x1a00588c        0xc C:\Users\Admin\Documents\git\embebidos\TP3_embebidos\lpc_board_nxp_lpcxpresso_4337\Debug\liblpc_board_nxp_lpcxpresso_4337.a(board_sysinit.o)
 .rodata.pinmuxing
                0x1a005898       0x2c C:\Users\Admin\Documents\git\embebidos\TP3_embebidos\lpc_board_nxp_lpcxpresso_4337\Debug\liblpc_board_nxp_lpcxpresso_4337.a(board_sysinit.o)
 .rodata.periph_to_base
                0x1a0058c4       0x6c C:\Users\Admin\Documents\git\embebidos\TP3_embebidos\lpc_chip_43xx\Debug\liblpc_chip_43xx.a(clock_18xx_43xx.o)
 .rodata        0x1a005930        0xa C:\Users\Admin\Documents\git\embebidos\TP3_embebidos\lpc_chip_43xx\Debug\liblpc_chip_43xx.a(clock_18xx_43xx.o)
 *fill*         0x1a00593a        0x2 ff
 .rodata.InitClkStates
                0x1a00593c       0x48 C:\Users\Admin\Documents\git\embebidos\TP3_embebidos\lpc_chip_43xx\Debug\liblpc_chip_43xx.a(sysinit_18xx_43xx.o)
 .rodata.UART_PClock
                0x1a005984        0x8 C:\Users\Admin\Documents\git\embebidos\TP3_embebidos\lpc_chip_43xx\Debug\liblpc_chip_43xx.a(uart_18xx_43xx.o)
 .rodata.UART_BClock
                0x1a00598c        0x8 C:\Users\Admin\Documents\git\embebidos\TP3_embebidos\lpc_chip_43xx\Debug\liblpc_chip_43xx.a(uart_18xx_43xx.o)
 .rodata._Csys_alloc.str1.1
                0x1a005994       0x18 c:/nxp/mcuxpressoide_11.0.1_2563/ide/plugins/com.nxp.mcuxpresso.tools.win32_11.0.1.201907311258/tools/bin/../lib/gcc/arm-none-eabi/8.2.1/../../../../arm-none-eabi/lib/thumb/v7e-m+fp/softfp\libcr_c.a(alloc.o)
 .rodata.fp_display.str1.1
                0x1a0059ac       0x34 c:/nxp/mcuxpressoide_11.0.1_2563/ide/plugins/com.nxp.mcuxpresso.tools.win32_11.0.1.201907311258/tools/bin/../lib/gcc/arm-none-eabi/8.2.1/../../../../arm-none-eabi/lib/thumb/v7e-m+fp/softfp\libcr_c.a(fpprintf.o)
                                 0x35 (size before relaxing)
 .rodata._initio.str1.1
                0x1a0059e0        0x4 c:/nxp/mcuxpressoide_11.0.1_2563/ide/plugins/com.nxp.mcuxpresso.tools.win32_11.0.1.201907311258/tools/bin/../lib/gcc/arm-none-eabi/8.2.1/../../../../arm-none-eabi/lib/thumb/v7e-m+fp/softfp\libcr_c.a(initio.o)
 .rodata.__vfprintf.str1.1
                0x1a0059e4       0x31 c:/nxp/mcuxpressoide_11.0.1_2563/ide/plugins/com.nxp.mcuxpresso.tools.win32_11.0.1.201907311258/tools/bin/../lib/gcc/arm-none-eabi/8.2.1/../../../../arm-none-eabi/lib/thumb/v7e-m+fp/softfp\libcr_c.a(printf.o)
                                 0x38 (size before relaxing)
 *fill*         0x1a005a15        0x3 ff
 .rodata.__num_Ciob_streams
                0x1a005a18        0x4 c:/nxp/mcuxpressoide_11.0.1_2563/ide/plugins/com.nxp.mcuxpresso.tools.win32_11.0.1.201907311258/tools/bin/../lib/gcc/arm-none-eabi/8.2.1/../../../../arm-none-eabi/lib/thumb/v7e-m+fp/softfp\libcr_nohost.a(__ciob.o)
                0x1a005a18                __num_Ciob_streams
                0x1a005a1c                . = ALIGN (0x4)

.glue_7         0x1a005a1c        0x0
 .glue_7        0x1a005a1c        0x0 linker stubs

.glue_7t        0x1a005a1c        0x0
 .glue_7t       0x1a005a1c        0x0 linker stubs

.vfp11_veneer   0x1a005a1c        0x0
 .vfp11_veneer  0x1a005a1c        0x0 linker stubs

.v4_bx          0x1a005a1c        0x0
 .v4_bx         0x1a005a1c        0x0 linker stubs

.iplt           0x1a005a1c        0x0
 .iplt          0x1a005a1c        0x0 ./freertos/src/FreeRTOSCommonHooks.o

.rel.dyn        0x1a005a1c        0x0
 .rel.iplt      0x1a005a1c        0x0 ./freertos/src/FreeRTOSCommonHooks.o

.ARM.extab
 *(.ARM.extab* .gnu.linkonce.armextab.*)
                0x1a005a1c                __exidx_start = .

.ARM.exidx
 *(.ARM.exidx* .gnu.linkonce.armexidx.*)
                0x1a005a1c                __exidx_end = .
                0x1a005a1c                _etext = .

.data_RAM2      0x10080000        0x0 load address 0x1a005a1c
 FILL mask 0xff
                [!provide]                PROVIDE (__start_data_RAM2 = .)
 *(.ramfunc.$RAM2)
 *(.ramfunc.$RamLoc40)
 *(.data.$RAM2)
 *(.data.$RamLoc40)
 *(.data.$RAM2.*)
 *(.data.$RamLoc40.*)
                0x10080000                . = ALIGN (0x4)
                [!provide]                PROVIDE (__end_data_RAM2 = .)

.data_RAM3      0x20000000        0x0 load address 0x1a005a1c
 FILL mask 0xff
                [!provide]                PROVIDE (__start_data_RAM3 = .)
 *(.ramfunc.$RAM3)
 *(.ramfunc.$RamAHB32)
 *(.data.$RAM3)
 *(.data.$RamAHB32)
 *(.data.$RAM3.*)
 *(.data.$RamAHB32.*)
                0x20000000                . = ALIGN (0x4)
                [!provide]                PROVIDE (__end_data_RAM3 = .)

.data_RAM4      0x20008000        0x0 load address 0x1a005a1c
 FILL mask 0xff
                [!provide]                PROVIDE (__start_data_RAM4 = .)
 *(.ramfunc.$RAM4)
 *(.ramfunc.$RamAHB16)
 *(.data.$RAM4)
 *(.data.$RamAHB16)
 *(.data.$RAM4.*)
 *(.data.$RamAHB16.*)
                0x20008000                . = ALIGN (0x4)
                [!provide]                PROVIDE (__end_data_RAM4 = .)

.data_RAM5      0x2000c000        0x0 load address 0x1a005a1c
 FILL mask 0xff
                [!provide]                PROVIDE (__start_data_RAM5 = .)
 *(.ramfunc.$RAM5)
 *(.ramfunc.$RamAHB_ETB16)
 *(.data.$RAM5)
 *(.data.$RamAHB_ETB16)
 *(.data.$RAM5.*)
 *(.data.$RamAHB_ETB16.*)
                0x2000c000                . = ALIGN (0x4)
                [!provide]                PROVIDE (__end_data_RAM5 = .)

.uninit_RESERVED
                0x10000000        0x0
                0x10000000                . = ALIGN (0x4)
 *(.bss.$RESERVED*)
                0x10000000                . = ALIGN (0x4)
                0x10000000                _end_uninit_RESERVED = .

.data           0x10000000        0xc load address 0x1a005a1c
 FILL mask 0xff
                0x10000000                _data = .
 *(vtable)
 *(.ramfunc*)
 *(CodeQuickAccess)
 *(DataQuickAccess)
 *(RamFunction)
 *(.data*)
 .data.uxCriticalNesting
                0x10000000        0x4 ./freertos/src/port.o
 .data.xNextTaskUnblockTime
                0x10000004        0x4 ./freertos/src/tasks.o
 .data.pcTextForMain
                0x10000008        0x4 ./example/src/freertos_examples_10_to_16.o
                0x10000008                pcTextForMain
                0x1000000c                . = ALIGN (0x4)
                0x1000000c                _edata = .

.igot.plt       0x1000000c        0x0 load address 0x1a005a28
 .igot.plt      0x1000000c        0x0 ./freertos/src/FreeRTOSCommonHooks.o

.bss_RAM2       0x10080000        0x0
                0x10080000                . = ALIGN (0x4)
                [!provide]                PROVIDE (__start_bss_RAM2 = .)
 *(.bss.$RAM2)
 *(.bss.$RamLoc40)
 *(.bss.$RAM2.*)
 *(.bss.$RamLoc40.*)
                0x10080000                . = ALIGN ((. != 0x0)?0x4:0x1)
                [!provide]                PROVIDE (__end_bss_RAM2 = .)

.bss_RAM3       0x20000000        0x0
                0x20000000                . = ALIGN (0x4)
                [!provide]                PROVIDE (__start_bss_RAM3 = .)
 *(.bss.$RAM3)
 *(.bss.$RamAHB32)
 *(.bss.$RAM3.*)
 *(.bss.$RamAHB32.*)
                0x20000000                . = ALIGN ((. != 0x0)?0x4:0x1)
                [!provide]                PROVIDE (__end_bss_RAM3 = .)

.bss_RAM4       0x20008000        0x0
                0x20008000                . = ALIGN (0x4)
                [!provide]                PROVIDE (__start_bss_RAM4 = .)
 *(.bss.$RAM4)
 *(.bss.$RamAHB16)
 *(.bss.$RAM4.*)
 *(.bss.$RamAHB16.*)
                0x20008000                . = ALIGN ((. != 0x0)?0x4:0x1)
                [!provide]                PROVIDE (__end_bss_RAM4 = .)

.bss_RAM5       0x2000c000        0x0
                0x2000c000                . = ALIGN (0x4)
                [!provide]                PROVIDE (__start_bss_RAM5 = .)
 *(.bss.$RAM5)
 *(.bss.$RamAHB_ETB16)
 *(.bss.$RAM5.*)
 *(.bss.$RamAHB_ETB16.*)
                0x2000c000                . = ALIGN ((. != 0x0)?0x4:0x1)
                [!provide]                PROVIDE (__end_bss_RAM5 = .)

.bss            0x1000000c      0x340
                0x1000000c                . = ALIGN (0x4)
                0x1000000c                _bss = .
 *(.bss*)
 .bss.ulTimerCountsForOneTick
                0x1000000c        0x4 ./freertos/src/port.o
 .bss.xMaximumPossibleSuppressedTicks
                0x10000010        0x4 ./freertos/src/port.o
 .bss.ulStoppedTimerCompensation
                0x10000014        0x4 ./freertos/src/port.o
 .bss.pxCurrentTCB
                0x10000018        0x4 ./freertos/src/tasks.o
                0x10000018                pxCurrentTCB
 .bss.pxReadyTasksLists
                0x1000001c       0xa0 ./freertos/src/tasks.o
 .bss.xDelayedTaskList1
                0x100000bc       0x14 ./freertos/src/tasks.o
 .bss.xDelayedTaskList2
                0x100000d0       0x14 ./freertos/src/tasks.o
 .bss.pxDelayedTaskList
                0x100000e4        0x4 ./freertos/src/tasks.o
 .bss.pxOverflowDelayedTaskList
                0x100000e8        0x4 ./freertos/src/tasks.o
 .bss.xPendingReadyList
                0x100000ec       0x14 ./freertos/src/tasks.o
 .bss.xTasksWaitingTermination
                0x10000100       0x14 ./freertos/src/tasks.o
 .bss.uxTasksDeleted
                0x10000114        0x4 ./freertos/src/tasks.o
 .bss.xSuspendedTaskList
                0x10000118       0x14 ./freertos/src/tasks.o
 .bss.uxCurrentNumberOfTasks
                0x1000012c        0x4 ./freertos/src/tasks.o
 .bss.xTickCount
                0x10000130        0x4 ./freertos/src/tasks.o
 .bss.uxTopReadyPriority
                0x10000134        0x4 ./freertos/src/tasks.o
 .bss.xSchedulerRunning
                0x10000138        0x4 ./freertos/src/tasks.o
 .bss.uxPendedTicks
                0x1000013c        0x4 ./freertos/src/tasks.o
 .bss.xYieldPending
                0x10000140        0x4 ./freertos/src/tasks.o
 .bss.xNumOfOverflows
                0x10000144        0x4 ./freertos/src/tasks.o
 .bss.uxTaskNumber
                0x10000148        0x4 ./freertos/src/tasks.o
 .bss.uxSchedulerSuspended
                0x1000014c        0x4 ./freertos/src/tasks.o
 .bss.audio_usb_pll_freq
                0x10000150        0x8 C:\Users\Admin\Documents\git\embebidos\TP3_embebidos\lpc_chip_43xx\Debug\liblpc_chip_43xx.a(clock_18xx_43xx.o)
 .bss.__end_of_heap
                0x10000158        0x4 c:/nxp/mcuxpressoide_11.0.1_2563/ide/plugins/com.nxp.mcuxpresso.tools.win32_11.0.1.201907311258/tools/bin/../lib/gcc/arm-none-eabi/8.2.1/../../../../arm-none-eabi/lib/thumb/v7e-m+fp/softfp\libcr_c.a(__init_alloc.o)
                0x10000158                __end_of_heap
 .bss.__heaps   0x1000015c        0x4 c:/nxp/mcuxpressoide_11.0.1_2563/ide/plugins/com.nxp.mcuxpresso.tools.win32_11.0.1.201907311258/tools/bin/../lib/gcc/arm-none-eabi/8.2.1/../../../../arm-none-eabi/lib/thumb/v7e-m+fp/softfp\libcr_c.a(__init_alloc.o)
                0x1000015c                __heaps
 .bss.errno     0x10000160        0x4 c:/nxp/mcuxpressoide_11.0.1_2563/ide/plugins/com.nxp.mcuxpresso.tools.win32_11.0.1.201907311258/tools/bin/../lib/gcc/arm-none-eabi/8.2.1/../../../../arm-none-eabi/lib/thumb/v7e-m+fp/softfp\libcr_c.a(errno.o)
                0x10000160                errno
 .bss.__Ciob    0x10000164      0x1e0 c:/nxp/mcuxpressoide_11.0.1_2563/ide/plugins/com.nxp.mcuxpresso.tools.win32_11.0.1.201907311258/tools/bin/../lib/gcc/arm-none-eabi/8.2.1/../../../../arm-none-eabi/lib/thumb/v7e-m+fp/softfp\libcr_nohost.a(__ciob.o)
                0x10000164                __Ciob
 *(COMMON)
 COMMON         0x10000344        0x4 ./example/src/freertos_examples_10_to_16.o
                0x10000344                xQueue
 COMMON         0x10000348        0x4 C:\Users\Admin\Documents\git\embebidos\TP3_embebidos\lpc_chip_43xx\Debug\liblpc_chip_43xx.a(chip_18xx_43xx.o)
                0x10000348                SystemCoreClock
                0x1000034c                . = ALIGN (0x4)
                0x1000034c                _ebss = .
                [!provide]                PROVIDE (end = .)

.noinit_RAM2    0x10080000        0x0
                0x10080000                . = ALIGN (0x4)
 *(.noinit.$RAM2)
 *(.noinit.$RamLoc40)
 *(.noinit.$RAM2.*)
 *(.noinit.$RamLoc40.*)
                0x10080000                . = ALIGN (0x4)

.noinit_RAM3    0x20000000        0x0
                0x20000000                . = ALIGN (0x4)
 *(.noinit.$RAM3)
 *(.noinit.$RamAHB32)
 *(.noinit.$RAM3.*)
 *(.noinit.$RamAHB32.*)
                0x20000000                . = ALIGN (0x4)

.noinit_RAM4    0x20008000        0x0
                0x20008000                . = ALIGN (0x4)
 *(.noinit.$RAM4)
 *(.noinit.$RamAHB16)
 *(.noinit.$RAM4.*)
 *(.noinit.$RamAHB16.*)
                0x20008000                . = ALIGN (0x4)

.noinit_RAM5    0x2000c000        0x0
                0x2000c000                . = ALIGN (0x4)
 *(.noinit.$RAM5)
 *(.noinit.$RamAHB_ETB16)
 *(.noinit.$RAM5.*)
 *(.noinit.$RamAHB_ETB16.*)
                0x2000c000                . = ALIGN (0x4)

.noinit         0x1000034c        0x0
                0x1000034c                . = ALIGN (0x4)
                0x1000034c                _noinit = .
 *(.noinit*)
                0x1000034c                . = ALIGN (0x4)
                0x1000034c                _end_noinit = .
                0x1000034c                PROVIDE (_pvHeapStart = DEFINED (__user_heap_base)?__user_heap_base:.)
                0x10008000                PROVIDE (_vStackTop = DEFINED (__user_stack_top)?__user_stack_top:(__top_RamLoc32 - 0x0))
                [!provide]                PROVIDE (__valid_user_code_checksum = (0x0 - ((((((_vStackTop + (ResetISR + 0x1)) + (NMI_Handler + 0x1)) + (HardFault_Handler + 0x1)) + (DEFINED (MemManage_Handler)?MemManage_Handler:0x0 + 0x1)) + (DEFINED (BusFault_Handler)?BusFault_Handler:0x0 + 0x1)) + (DEFINED (UsageFault_Handler)?UsageFault_Handler:0x0 + 0x1))))
                0x1a000000                _image_start = LOADADDR (.text)
                0x1a005a28                _image_end = (LOADADDR (.data) + SIZEOF (.data))
                0x00005a28                _image_size = (_image_end - _image_start)
OUTPUT(freertos_examples_10_to_16.axf elf32-littlearm)

.debug_info     0x00000000     0xb989
 .debug_info    0x00000000      0x2f8 ./freertos/src/FreeRTOSCommonHooks.o
 .debug_info    0x000002f8      0x282 ./freertos/src/heap_3.o
 .debug_info    0x0000057a      0x44a ./freertos/src/list.o
 .debug_info    0x000009c4      0x988 ./freertos/src/port.o
 .debug_info    0x0000134c     0x1233 ./freertos/src/queue.o
 .debug_info    0x0000257f       0x85 ./freertos/src/redlib_memfix.o
 .debug_info    0x00002604     0x19b6 ./freertos/src/tasks.o
 .debug_info    0x00003fba      0x2bd ./example/src/cr_startup_lpc43xx.o
 .debug_info    0x00004277      0x84f ./example/src/freertos_examples_10_to_16.o
 .debug_info    0x00004ac6      0x250 ./example/src/sysinit.o
 .debug_info    0x00004d16     0x1c70 C:\Users\Admin\Documents\git\embebidos\TP3_embebidos\lpc_board_nxp_lpcxpresso_4337\Debug\liblpc_board_nxp_lpcxpresso_4337.a(board.o)
 .debug_info    0x00006986      0xd0c C:\Users\Admin\Documents\git\embebidos\TP3_embebidos\lpc_board_nxp_lpcxpresso_4337\Debug\liblpc_board_nxp_lpcxpresso_4337.a(board_sysinit.o)
 .debug_info    0x00007692      0xacc C:\Users\Admin\Documents\git\embebidos\TP3_embebidos\lpc_chip_43xx\Debug\liblpc_chip_43xx.a(chip_18xx_43xx.o)
 .debug_info    0x0000815e     0x16c2 C:\Users\Admin\Documents\git\embebidos\TP3_embebidos\lpc_chip_43xx\Debug\liblpc_chip_43xx.a(clock_18xx_43xx.o)
 .debug_info    0x00009820      0x164 C:\Users\Admin\Documents\git\embebidos\TP3_embebidos\lpc_chip_43xx\Debug\liblpc_chip_43xx.a(fpu_init.o)
 .debug_info    0x00009984      0x4a4 C:\Users\Admin\Documents\git\embebidos\TP3_embebidos\lpc_chip_43xx\Debug\liblpc_chip_43xx.a(gpio_18xx_43xx.o)
 .debug_info    0x00009e28      0x99f C:\Users\Admin\Documents\git\embebidos\TP3_embebidos\lpc_chip_43xx\Debug\liblpc_chip_43xx.a(sysinit_18xx_43xx.o)
 .debug_info    0x0000a7c7     0x11c2 C:\Users\Admin\Documents\git\embebidos\TP3_embebidos\lpc_chip_43xx\Debug\liblpc_chip_43xx.a(uart_18xx_43xx.o)

.debug_abbrev   0x00000000     0x20ca
 .debug_abbrev  0x00000000      0x181 ./freertos/src/FreeRTOSCommonHooks.o
 .debug_abbrev  0x00000181      0x12b ./freertos/src/heap_3.o
 .debug_abbrev  0x000002ac      0x136 ./freertos/src/list.o
 .debug_abbrev  0x000003e2      0x247 ./freertos/src/port.o
 .debug_abbrev  0x00000629      0x24b ./freertos/src/queue.o
 .debug_abbrev  0x00000874       0x85 ./freertos/src/redlib_memfix.o
 .debug_abbrev  0x000008f9      0x2c9 ./freertos/src/tasks.o
 .debug_abbrev  0x00000bc2      0x120 ./example/src/cr_startup_lpc43xx.o
 .debug_abbrev  0x00000ce2      0x17d ./example/src/freertos_examples_10_to_16.o
 .debug_abbrev  0x00000e5f       0xeb ./example/src/sysinit.o
 .debug_abbrev  0x00000f4a      0x3b0 C:\Users\Admin\Documents\git\embebidos\TP3_embebidos\lpc_board_nxp_lpcxpresso_4337\Debug\liblpc_board_nxp_lpcxpresso_4337.a(board.o)
 .debug_abbrev  0x000012fa      0x1f9 C:\Users\Admin\Documents\git\embebidos\TP3_embebidos\lpc_board_nxp_lpcxpresso_4337\Debug\liblpc_board_nxp_lpcxpresso_4337.a(board_sysinit.o)
 .debug_abbrev  0x000014f3      0x19b C:\Users\Admin\Documents\git\embebidos\TP3_embebidos\lpc_chip_43xx\Debug\liblpc_chip_43xx.a(chip_18xx_43xx.o)
 .debug_abbrev  0x0000168e      0x31b C:\Users\Admin\Documents\git\embebidos\TP3_embebidos\lpc_chip_43xx\Debug\liblpc_chip_43xx.a(clock_18xx_43xx.o)
 .debug_abbrev  0x000019a9       0xb4 C:\Users\Admin\Documents\git\embebidos\TP3_embebidos\lpc_chip_43xx\Debug\liblpc_chip_43xx.a(fpu_init.o)
 .debug_abbrev  0x00001a5d      0x165 C:\Users\Admin\Documents\git\embebidos\TP3_embebidos\lpc_chip_43xx\Debug\liblpc_chip_43xx.a(gpio_18xx_43xx.o)
 .debug_abbrev  0x00001bc2      0x1d1 C:\Users\Admin\Documents\git\embebidos\TP3_embebidos\lpc_chip_43xx\Debug\liblpc_chip_43xx.a(sysinit_18xx_43xx.o)
 .debug_abbrev  0x00001d93      0x337 C:\Users\Admin\Documents\git\embebidos\TP3_embebidos\lpc_chip_43xx\Debug\liblpc_chip_43xx.a(uart_18xx_43xx.o)

.debug_aranges  0x00000000      0x9d8
 .debug_aranges
                0x00000000       0x40 ./freertos/src/FreeRTOSCommonHooks.o
 .debug_aranges
                0x00000040       0x28 ./freertos/src/heap_3.o
 .debug_aranges
                0x00000068       0x40 ./freertos/src/list.o
 .debug_aranges
                0x000000a8       0x98 ./freertos/src/port.o
 .debug_aranges
                0x00000140       0xf0 ./freertos/src/queue.o
 .debug_aranges
                0x00000230       0x20 ./freertos/src/redlib_memfix.o
 .debug_aranges
                0x00000250      0x190 ./freertos/src/tasks.o
 .debug_aranges
                0x000003e0       0x80 ./example/src/cr_startup_lpc43xx.o
 .debug_aranges
                0x00000460       0x38 ./example/src/freertos_examples_10_to_16.o
 .debug_aranges
                0x00000498       0x20 ./example/src/sysinit.o
 .debug_aranges
                0x000004b8      0x170 C:\Users\Admin\Documents\git\embebidos\TP3_embebidos\lpc_board_nxp_lpcxpresso_4337\Debug\liblpc_board_nxp_lpcxpresso_4337.a(board.o)
 .debug_aranges
                0x00000628       0x48 C:\Users\Admin\Documents\git\embebidos\TP3_embebidos\lpc_board_nxp_lpcxpresso_4337\Debug\liblpc_board_nxp_lpcxpresso_4337.a(board_sysinit.o)
 .debug_aranges
                0x00000670       0x40 C:\Users\Admin\Documents\git\embebidos\TP3_embebidos\lpc_chip_43xx\Debug\liblpc_chip_43xx.a(chip_18xx_43xx.o)
 .debug_aranges
                0x000006b0      0x138 C:\Users\Admin\Documents\git\embebidos\TP3_embebidos\lpc_chip_43xx\Debug\liblpc_chip_43xx.a(clock_18xx_43xx.o)
 .debug_aranges
                0x000007e8       0x20 C:\Users\Admin\Documents\git\embebidos\TP3_embebidos\lpc_chip_43xx\Debug\liblpc_chip_43xx.a(fpu_init.o)
 .debug_aranges
                0x00000808       0x68 C:\Users\Admin\Documents\git\embebidos\TP3_embebidos\lpc_chip_43xx\Debug\liblpc_chip_43xx.a(gpio_18xx_43xx.o)
 .debug_aranges
                0x00000870       0x50 C:\Users\Admin\Documents\git\embebidos\TP3_embebidos\lpc_chip_43xx\Debug\liblpc_chip_43xx.a(sysinit_18xx_43xx.o)
 .debug_aranges
                0x000008c0      0x118 C:\Users\Admin\Documents\git\embebidos\TP3_embebidos\lpc_chip_43xx\Debug\liblpc_chip_43xx.a(uart_18xx_43xx.o)

.debug_ranges   0x00000000      0x8e8
 .debug_ranges  0x00000000       0x30 ./freertos/src/FreeRTOSCommonHooks.o
 .debug_ranges  0x00000030       0x18 ./freertos/src/heap_3.o
 .debug_ranges  0x00000048       0x30 ./freertos/src/list.o
 .debug_ranges  0x00000078       0x88 ./freertos/src/port.o
 .debug_ranges  0x00000100       0xe0 ./freertos/src/queue.o
 .debug_ranges  0x000001e0       0x10 ./freertos/src/redlib_memfix.o
 .debug_ranges  0x000001f0      0x180 ./freertos/src/tasks.o
 .debug_ranges  0x00000370       0x70 ./example/src/cr_startup_lpc43xx.o
 .debug_ranges  0x000003e0       0x28 ./example/src/freertos_examples_10_to_16.o
 .debug_ranges  0x00000408       0x10 ./example/src/sysinit.o
 .debug_ranges  0x00000418      0x160 C:\Users\Admin\Documents\git\embebidos\TP3_embebidos\lpc_board_nxp_lpcxpresso_4337\Debug\liblpc_board_nxp_lpcxpresso_4337.a(board.o)
 .debug_ranges  0x00000578       0x38 C:\Users\Admin\Documents\git\embebidos\TP3_embebidos\lpc_board_nxp_lpcxpresso_4337\Debug\liblpc_board_nxp_lpcxpresso_4337.a(board_sysinit.o)
 .debug_ranges  0x000005b0       0x30 C:\Users\Admin\Documents\git\embebidos\TP3_embebidos\lpc_chip_43xx\Debug\liblpc_chip_43xx.a(chip_18xx_43xx.o)
 .debug_ranges  0x000005e0      0x140 C:\Users\Admin\Documents\git\embebidos\TP3_embebidos\lpc_chip_43xx\Debug\liblpc_chip_43xx.a(clock_18xx_43xx.o)
 .debug_ranges  0x00000720       0x10 C:\Users\Admin\Documents\git\embebidos\TP3_embebidos\lpc_chip_43xx\Debug\liblpc_chip_43xx.a(fpu_init.o)
 .debug_ranges  0x00000730       0x58 C:\Users\Admin\Documents\git\embebidos\TP3_embebidos\lpc_chip_43xx\Debug\liblpc_chip_43xx.a(gpio_18xx_43xx.o)
 .debug_ranges  0x00000788       0x40 C:\Users\Admin\Documents\git\embebidos\TP3_embebidos\lpc_chip_43xx\Debug\liblpc_chip_43xx.a(sysinit_18xx_43xx.o)
 .debug_ranges  0x000007c8      0x120 C:\Users\Admin\Documents\git\embebidos\TP3_embebidos\lpc_chip_43xx\Debug\liblpc_chip_43xx.a(uart_18xx_43xx.o)

.debug_macro    0x00000000     0x94d9
 .debug_macro   0x00000000      0x39b ./freertos/src/FreeRTOSCommonHooks.o
 .debug_macro   0x0000039b      0xab4 ./freertos/src/FreeRTOSCommonHooks.o
 .debug_macro   0x00000e4f       0x10 ./freertos/src/FreeRTOSCommonHooks.o
 .debug_macro   0x00000e5f      0x12e ./freertos/src/FreeRTOSCommonHooks.o
 .debug_macro   0x00000f8d       0x16 ./freertos/src/FreeRTOSCommonHooks.o
 .debug_macro   0x00000fa3      0x5b3 ./freertos/src/FreeRTOSCommonHooks.o
 .debug_macro   0x00001556       0x40 ./freertos/src/FreeRTOSCommonHooks.o
 .debug_macro   0x00001596       0x10 ./freertos/src/FreeRTOSCommonHooks.o
 .debug_macro   0x000015a6       0x22 ./freertos/src/FreeRTOSCommonHooks.o
 .debug_macro   0x000015c8       0x74 ./freertos/src/FreeRTOSCommonHooks.o
 .debug_macro   0x0000163c       0x28 ./freertos/src/FreeRTOSCommonHooks.o
 .debug_macro   0x00001664       0x3b ./freertos/src/FreeRTOSCommonHooks.o
 .debug_macro   0x0000169f       0x2d ./freertos/src/FreeRTOSCommonHooks.o
 .debug_macro   0x000016cc       0x42 ./freertos/src/FreeRTOSCommonHooks.o
 .debug_macro   0x0000170e      0xd39 ./freertos/src/FreeRTOSCommonHooks.o
 .debug_macro   0x00002447      0x2bc ./freertos/src/FreeRTOSCommonHooks.o
 .debug_macro   0x00002703      0x112 ./freertos/src/FreeRTOSCommonHooks.o
 .debug_macro   0x00002815       0x11 ./freertos/src/FreeRTOSCommonHooks.o
 .debug_macro   0x00002826       0x2a ./freertos/src/FreeRTOSCommonHooks.o
 .debug_macro   0x00002850       0x16 ./freertos/src/FreeRTOSCommonHooks.o
 .debug_macro   0x00002866      0x2e6 ./freertos/src/FreeRTOSCommonHooks.o
 .debug_macro   0x00002b4c       0x82 ./freertos/src/FreeRTOSCommonHooks.o
 .debug_macro   0x00002bce      0x13d ./freertos/src/FreeRTOSCommonHooks.o
 .debug_macro   0x00002d0b      0x198 ./freertos/src/FreeRTOSCommonHooks.o
 .debug_macro   0x00002ea3       0x34 ./freertos/src/FreeRTOSCommonHooks.o
 .debug_macro   0x00002ed7       0x58 ./freertos/src/FreeRTOSCommonHooks.o
 .debug_macro   0x00002f2f      0x236 ./freertos/src/FreeRTOSCommonHooks.o
 .debug_macro   0x00003165      0x572 ./freertos/src/FreeRTOSCommonHooks.o
 .debug_macro   0x000036d7       0x16 ./freertos/src/FreeRTOSCommonHooks.o
 .debug_macro   0x000036ed      0x18a ./freertos/src/FreeRTOSCommonHooks.o
 .debug_macro   0x00003877       0x88 ./freertos/src/FreeRTOSCommonHooks.o
 .debug_macro   0x000038ff      0x1b9 ./freertos/src/FreeRTOSCommonHooks.o
 .debug_macro   0x00003ab8      0x1da ./freertos/src/FreeRTOSCommonHooks.o
 .debug_macro   0x00003c92       0x40 ./freertos/src/FreeRTOSCommonHooks.o
 .debug_macro   0x00003cd2       0x1c ./freertos/src/FreeRTOSCommonHooks.o
 .debug_macro   0x00003cee       0x2e ./freertos/src/FreeRTOSCommonHooks.o
 .debug_macro   0x00003d1c       0x2e ./freertos/src/FreeRTOSCommonHooks.o
 .debug_macro   0x00003d4a       0x22 ./freertos/src/FreeRTOSCommonHooks.o
 .debug_macro   0x00003d6c      0x201 ./freertos/src/FreeRTOSCommonHooks.o
 .debug_macro   0x00003f6d       0xe0 ./freertos/src/FreeRTOSCommonHooks.o
 .debug_macro   0x0000404d      0x34c ./freertos/src/FreeRTOSCommonHooks.o
 .debug_macro   0x00004399       0xdc ./freertos/src/FreeRTOSCommonHooks.o
 .debug_macro   0x00004475       0xc4 ./freertos/src/FreeRTOSCommonHooks.o
 .debug_macro   0x00004539       0x94 ./freertos/src/FreeRTOSCommonHooks.o
 .debug_macro   0x000045cd       0xb8 ./freertos/src/FreeRTOSCommonHooks.o
 .debug_macro   0x00004685       0x4c ./freertos/src/FreeRTOSCommonHooks.o
 .debug_macro   0x000046d1       0x16 ./freertos/src/FreeRTOSCommonHooks.o
 .debug_macro   0x000046e7      0x328 ./freertos/src/FreeRTOSCommonHooks.o
 .debug_macro   0x00004a0f       0x3a ./freertos/src/FreeRTOSCommonHooks.o
 .debug_macro   0x00004a49       0xd0 ./freertos/src/FreeRTOSCommonHooks.o
 .debug_macro   0x00004b19       0x11 ./freertos/src/FreeRTOSCommonHooks.o
 .debug_macro   0x00004b2a       0x22 ./freertos/src/FreeRTOSCommonHooks.o
 .debug_macro   0x00004b4c       0x40 ./freertos/src/FreeRTOSCommonHooks.o
 .debug_macro   0x00004b8c      0x183 ./freertos/src/FreeRTOSCommonHooks.o
 .debug_macro   0x00004d0f       0x9a ./freertos/src/FreeRTOSCommonHooks.o
 .debug_macro   0x00004da9       0x20 ./freertos/src/FreeRTOSCommonHooks.o
 .debug_macro   0x00004dc9       0xef ./freertos/src/FreeRTOSCommonHooks.o
 .debug_macro   0x00004eb8       0xaf ./freertos/src/FreeRTOSCommonHooks.o
 .debug_macro   0x00004f67       0x12 ./freertos/src/FreeRTOSCommonHooks.o
 .debug_macro   0x00004f79       0x1f ./freertos/src/FreeRTOSCommonHooks.o
 .debug_macro   0x00004f98      0x35a ./freertos/src/FreeRTOSCommonHooks.o
 .debug_macro   0x000052f2       0x79 ./freertos/src/FreeRTOSCommonHooks.o
 .debug_macro   0x0000536b       0x69 ./freertos/src/FreeRTOSCommonHooks.o
 .debug_macro   0x000053d4      0x3ab ./freertos/src/heap_3.o
 .debug_macro   0x0000577f      0x390 ./freertos/src/list.o
 .debug_macro   0x00005b0f      0x434 ./freertos/src/port.o
 .debug_macro   0x00005f43      0x3f9 ./freertos/src/queue.o
 .debug_macro   0x0000633c       0xb0 ./freertos/src/queue.o
 .debug_macro   0x000063ec       0x17 ./freertos/src/redlib_memfix.o
 .debug_macro   0x00006403      0x43c ./freertos/src/tasks.o
 .debug_macro   0x0000683f       0x16 ./freertos/src/tasks.o
 .debug_macro   0x00006855       0x1d ./example/src/cr_startup_lpc43xx.o
 .debug_macro   0x00006872      0x3e4 ./example/src/freertos_examples_10_to_16.o
 .debug_macro   0x00006c56       0x7b ./example/src/freertos_examples_10_to_16.o
 .debug_macro   0x00006cd1       0x18 ./example/src/freertos_examples_10_to_16.o
 .debug_macro   0x00006ce9       0x10 ./example/src/freertos_examples_10_to_16.o
 .debug_macro   0x00006cf9       0xf5 ./example/src/freertos_examples_10_to_16.o
 .debug_macro   0x00006dee       0x7e ./example/src/freertos_examples_10_to_16.o
 .debug_macro   0x00006e6c       0x1c ./example/src/freertos_examples_10_to_16.o
 .debug_macro   0x00006e88      0x310 ./example/src/sysinit.o
 .debug_macro   0x00007198      0x336 C:\Users\Admin\Documents\git\embebidos\TP3_embebidos\lpc_board_nxp_lpcxpresso_4337\Debug\liblpc_board_nxp_lpcxpresso_4337.a(board.o)
 .debug_macro   0x000074ce      0xaa8 C:\Users\Admin\Documents\git\embebidos\TP3_embebidos\lpc_board_nxp_lpcxpresso_4337\Debug\liblpc_board_nxp_lpcxpresso_4337.a(board.o)
 .debug_macro   0x00007f76       0x12 C:\Users\Admin\Documents\git\embebidos\TP3_embebidos\lpc_board_nxp_lpcxpresso_4337\Debug\liblpc_board_nxp_lpcxpresso_4337.a(board.o)
 .debug_macro   0x00007f88      0x339 C:\Users\Admin\Documents\git\embebidos\TP3_embebidos\lpc_board_nxp_lpcxpresso_4337\Debug\liblpc_board_nxp_lpcxpresso_4337.a(board.o)
 .debug_macro   0x000082c1      0x310 C:\Users\Admin\Documents\git\embebidos\TP3_embebidos\lpc_board_nxp_lpcxpresso_4337\Debug\liblpc_board_nxp_lpcxpresso_4337.a(board_sysinit.o)
 .debug_macro   0x000085d1      0x2da C:\Users\Admin\Documents\git\embebidos\TP3_embebidos\lpc_chip_43xx\Debug\liblpc_chip_43xx.a(chip_18xx_43xx.o)
 .debug_macro   0x000088ab      0x2e0 C:\Users\Admin\Documents\git\embebidos\TP3_embebidos\lpc_chip_43xx\Debug\liblpc_chip_43xx.a(clock_18xx_43xx.o)
 .debug_macro   0x00008b8b       0xc0 C:\Users\Admin\Documents\git\embebidos\TP3_embebidos\lpc_chip_43xx\Debug\liblpc_chip_43xx.a(fpu_init.o)
 .debug_macro   0x00008c4b      0x2da C:\Users\Admin\Documents\git\embebidos\TP3_embebidos\lpc_chip_43xx\Debug\liblpc_chip_43xx.a(gpio_18xx_43xx.o)
 .debug_macro   0x00008f25      0x2da C:\Users\Admin\Documents\git\embebidos\TP3_embebidos\lpc_chip_43xx\Debug\liblpc_chip_43xx.a(sysinit_18xx_43xx.o)
 .debug_macro   0x000091ff      0x2da C:\Users\Admin\Documents\git\embebidos\TP3_embebidos\lpc_chip_43xx\Debug\liblpc_chip_43xx.a(uart_18xx_43xx.o)

.debug_line     0x00000000     0xa633
 .debug_line    0x00000000      0x8a8 ./freertos/src/FreeRTOSCommonHooks.o
 .debug_line    0x000008a8      0x84a ./freertos/src/heap_3.o
 .debug_line    0x000010f2      0x911 ./freertos/src/list.o
 .debug_line    0x00001a03      0xafb ./freertos/src/port.o
 .debug_line    0x000024fe      0xf72 ./freertos/src/queue.o
 .debug_line    0x00003470       0x60 ./freertos/src/redlib_memfix.o
 .debug_line    0x000034d0     0x1639 ./freertos/src/tasks.o
 .debug_line    0x00004b09      0x1aa ./example/src/cr_startup_lpc43xx.o
 .debug_line    0x00004cb3      0x8db ./example/src/freertos_examples_10_to_16.o
 .debug_line    0x0000558e      0x6e5 ./example/src/sysinit.o
 .debug_line    0x00005c73      0xcd0 C:\Users\Admin\Documents\git\embebidos\TP3_embebidos\lpc_board_nxp_lpcxpresso_4337\Debug\liblpc_board_nxp_lpcxpresso_4337.a(board.o)
 .debug_line    0x00006943      0x7e6 C:\Users\Admin\Documents\git\embebidos\TP3_embebidos\lpc_board_nxp_lpcxpresso_4337\Debug\liblpc_board_nxp_lpcxpresso_4337.a(board_sysinit.o)
 .debug_line    0x00007129      0x6ff C:\Users\Admin\Documents\git\embebidos\TP3_embebidos\lpc_chip_43xx\Debug\liblpc_chip_43xx.a(chip_18xx_43xx.o)
 .debug_line    0x00007828      0xffe C:\Users\Admin\Documents\git\embebidos\TP3_embebidos\lpc_chip_43xx\Debug\liblpc_chip_43xx.a(clock_18xx_43xx.o)
 .debug_line    0x00008826      0x296 C:\Users\Admin\Documents\git\embebidos\TP3_embebidos\lpc_chip_43xx\Debug\liblpc_chip_43xx.a(fpu_init.o)
 .debug_line    0x00008abc      0x782 C:\Users\Admin\Documents\git\embebidos\TP3_embebidos\lpc_chip_43xx\Debug\liblpc_chip_43xx.a(gpio_18xx_43xx.o)
 .debug_line    0x0000923e      0x7fc C:\Users\Admin\Documents\git\embebidos\TP3_embebidos\lpc_chip_43xx\Debug\liblpc_chip_43xx.a(sysinit_18xx_43xx.o)
 .debug_line    0x00009a3a      0xbf9 C:\Users\Admin\Documents\git\embebidos\TP3_embebidos\lpc_chip_43xx\Debug\liblpc_chip_43xx.a(uart_18xx_43xx.o)

.debug_str      0x00000000    0x1f828
 .debug_str     0x00000000    0x1896f ./freertos/src/FreeRTOSCommonHooks.o
                              0x18a96 (size before relaxing)
 .debug_str     0x0001896f      0x103 ./freertos/src/heap_3.o
                              0x18a8c (size before relaxing)
 .debug_str     0x00018a72      0x139 ./freertos/src/list.o
                              0x187a4 (size before relaxing)
 .debug_str     0x00018bab     0x11d1 ./freertos/src/port.o
                              0x19bc7 (size before relaxing)
 .debug_str     0x00019d7c     0x10ed ./freertos/src/queue.o
                              0x1a669 (size before relaxing)
 .debug_str     0x0001ae69       0x6f ./freertos/src/redlib_memfix.o
                               0x2ea9 (size before relaxing)
 .debug_str     0x0001aed8     0x165e ./freertos/src/tasks.o
                              0x1acec (size before relaxing)
 .debug_str     0x0001c536      0x1cf ./example/src/cr_startup_lpc43xx.o
                               0x302d (size before relaxing)
 .debug_str     0x0001c705      0x91c ./example/src/freertos_examples_10_to_16.o
                              0x1a79c (size before relaxing)
 .debug_str     0x0001d021       0x23 ./example/src/sysinit.o
                              0x161e3 (size before relaxing)
 .debug_str     0x0001d044     0x1a3d C:\Users\Admin\Documents\git\embebidos\TP3_embebidos\lpc_board_nxp_lpcxpresso_4337\Debug\liblpc_board_nxp_lpcxpresso_4337.a(board.o)
                              0x18659 (size before relaxing)
 .debug_str     0x0001ea81      0x125 C:\Users\Admin\Documents\git\embebidos\TP3_embebidos\lpc_board_nxp_lpcxpresso_4337\Debug\liblpc_board_nxp_lpcxpresso_4337.a(board_sysinit.o)
                              0x16f6f (size before relaxing)
 .debug_str     0x0001eba6       0xea C:\Users\Admin\Documents\git\embebidos\TP3_embebidos\lpc_chip_43xx\Debug\liblpc_chip_43xx.a(chip_18xx_43xx.o)
                              0x16620 (size before relaxing)
 .debug_str     0x0001ec90      0x5e7 C:\Users\Admin\Documents\git\embebidos\TP3_embebidos\lpc_chip_43xx\Debug\liblpc_chip_43xx.a(clock_18xx_43xx.o)
                              0x16b9f (size before relaxing)
 .debug_str     0x0001f277       0xb5 C:\Users\Admin\Documents\git\embebidos\TP3_embebidos\lpc_chip_43xx\Debug\liblpc_chip_43xx.a(fpu_init.o)
                               0xa1a5 (size before relaxing)
 .debug_str     0x0001f32c       0xe4 C:\Users\Admin\Documents\git\embebidos\TP3_embebidos\lpc_chip_43xx\Debug\liblpc_chip_43xx.a(gpio_18xx_43xx.o)
                              0x15a32 (size before relaxing)
 .debug_str     0x0001f410       0xb4 C:\Users\Admin\Documents\git\embebidos\TP3_embebidos\lpc_chip_43xx\Debug\liblpc_chip_43xx.a(sysinit_18xx_43xx.o)
                              0x165ff (size before relaxing)
 .debug_str     0x0001f4c4      0x364 C:\Users\Admin\Documents\git\embebidos\TP3_embebidos\lpc_chip_43xx\Debug\liblpc_chip_43xx.a(uart_18xx_43xx.o)
                              0x16763 (size before relaxing)

.comment        0x00000000       0x75
 .comment       0x00000000       0x75 ./freertos/src/FreeRTOSCommonHooks.o
                                 0x76 (size before relaxing)
 .comment       0x00000075       0x76 ./freertos/src/heap_3.o
 .comment       0x00000075       0x76 ./freertos/src/list.o
 .comment       0x00000075       0x76 ./freertos/src/port.o
 .comment       0x00000075       0x76 ./freertos/src/queue.o
 .comment       0x00000075       0x76 ./freertos/src/redlib_memfix.o
 .comment       0x00000075       0x76 ./freertos/src/tasks.o
 .comment       0x00000075       0x76 ./example/src/cr_startup_lpc43xx.o
 .comment       0x00000075       0x76 ./example/src/freertos_examples_10_to_16.o
 .comment       0x00000075       0x76 ./example/src/sysinit.o
 .comment       0x00000075       0x76 C:\Users\Admin\Documents\git\embebidos\TP3_embebidos\lpc_board_nxp_lpcxpresso_4337\Debug\liblpc_board_nxp_lpcxpresso_4337.a(board.o)
 .comment       0x00000075       0x76 C:\Users\Admin\Documents\git\embebidos\TP3_embebidos\lpc_board_nxp_lpcxpresso_4337\Debug\liblpc_board_nxp_lpcxpresso_4337.a(board_sysinit.o)
 .comment       0x00000075       0x76 C:\Users\Admin\Documents\git\embebidos\TP3_embebidos\lpc_chip_43xx\Debug\liblpc_chip_43xx.a(chip_18xx_43xx.o)
 .comment       0x00000075       0x76 C:\Users\Admin\Documents\git\embebidos\TP3_embebidos\lpc_chip_43xx\Debug\liblpc_chip_43xx.a(clock_18xx_43xx.o)
 .comment       0x00000075       0x76 C:\Users\Admin\Documents\git\embebidos\TP3_embebidos\lpc_chip_43xx\Debug\liblpc_chip_43xx.a(fpu_init.o)
 .comment       0x00000075       0x76 C:\Users\Admin\Documents\git\embebidos\TP3_embebidos\lpc_chip_43xx\Debug\liblpc_chip_43xx.a(gpio_18xx_43xx.o)
 .comment       0x00000075       0x76 C:\Users\Admin\Documents\git\embebidos\TP3_embebidos\lpc_chip_43xx\Debug\liblpc_chip_43xx.a(sysinit_18xx_43xx.o)
 .comment       0x00000075       0x76 C:\Users\Admin\Documents\git\embebidos\TP3_embebidos\lpc_chip_43xx\Debug\liblpc_chip_43xx.a(uart_18xx_43xx.o)
 .comment       0x00000075       0x76 c:/nxp/mcuxpressoide_11.0.1_2563/ide/plugins/com.nxp.mcuxpresso.tools.win32_11.0.1.201907311258/tools/bin/../lib/gcc/arm-none-eabi/8.2.1/../../../../arm-none-eabi/lib/thumb/v7e-m+fp/softfp\libcr_nohost.a(_cr__main.o)
 .comment       0x00000075       0x76 c:/nxp/mcuxpressoide_11.0.1_2563/ide/plugins/com.nxp.mcuxpresso.tools.win32_11.0.1.201907311258/tools/bin/../lib/gcc/arm-none-eabi/8.2.1/../../../../arm-none-eabi/lib/thumb/v7e-m+fp/softfp\libcr_c.a(memcpy.o)
 .comment       0x00000075       0x76 c:/nxp/mcuxpressoide_11.0.1_2563/ide/plugins/com.nxp.mcuxpresso.tools.win32_11.0.1.201907311258/tools/bin/../lib/gcc/arm-none-eabi/8.2.1/../../../../arm-none-eabi/lib/thumb/v7e-m+fp/softfp\libcr_c.a(memset.o)
 .comment       0x00000075       0x76 c:/nxp/mcuxpressoide_11.0.1_2563/ide/plugins/com.nxp.mcuxpresso.tools.win32_11.0.1.201907311258/tools/bin/../lib/gcc/arm-none-eabi/8.2.1/../../../../arm-none-eabi/lib/thumb/v7e-m+fp/softfp\libcr_c.a(alloc.o)
 .comment       0x00000075       0x76 c:/nxp/mcuxpressoide_11.0.1_2563/ide/plugins/com.nxp.mcuxpresso.tools.win32_11.0.1.201907311258/tools/bin/../lib/gcc/arm-none-eabi/8.2.1/../../../../arm-none-eabi/lib/thumb/v7e-m+fp/softfp\libcr_c.a(fpprintf.o)
 .comment       0x00000075       0x76 c:/nxp/mcuxpressoide_11.0.1_2563/ide/plugins/com.nxp.mcuxpresso.tools.win32_11.0.1.201907311258/tools/bin/../lib/gcc/arm-none-eabi/8.2.1/../../../../arm-none-eabi/lib/thumb/v7e-m+fp/softfp\libcr_c.a(initio.o)
 .comment       0x00000075       0x76 c:/nxp/mcuxpressoide_11.0.1_2563/ide/plugins/com.nxp.mcuxpresso.tools.win32_11.0.1.201907311258/tools/bin/../lib/gcc/arm-none-eabi/8.2.1/../../../../arm-none-eabi/lib/thumb/v7e-m+fp/softfp\libcr_c.a(printf.o)
 .comment       0x00000075       0x76 c:/nxp/mcuxpressoide_11.0.1_2563/ide/plugins/com.nxp.mcuxpresso.tools.win32_11.0.1.201907311258/tools/bin/../lib/gcc/arm-none-eabi/8.2.1/../../../../arm-none-eabi/lib/thumb/v7e-m+fp/softfp\libcr_c.a(setvbuf.o)
 .comment       0x00000075       0x76 c:/nxp/mcuxpressoide_11.0.1_2563/ide/plugins/com.nxp.mcuxpresso.tools.win32_11.0.1.201907311258/tools/bin/../lib/gcc/arm-none-eabi/8.2.1/../../../../arm-none-eabi/lib/thumb/v7e-m+fp/softfp\libcr_c.a(strlen.o)
 .comment       0x00000075       0x76 c:/nxp/mcuxpressoide_11.0.1_2563/ide/plugins/com.nxp.mcuxpresso.tools.win32_11.0.1.201907311258/tools/bin/../lib/gcc/arm-none-eabi/8.2.1/../../../../arm-none-eabi/lib/thumb/v7e-m+fp/softfp\libcr_c.a(__init_alloc.o)
 .comment       0x00000075       0x76 c:/nxp/mcuxpressoide_11.0.1_2563/ide/plugins/com.nxp.mcuxpresso.tools.win32_11.0.1.201907311258/tools/bin/../lib/gcc/arm-none-eabi/8.2.1/../../../../arm-none-eabi/lib/thumb/v7e-m+fp/softfp\libcr_c.a(_cr_sbrk.o)
 .comment       0x00000075       0x76 c:/nxp/mcuxpressoide_11.0.1_2563/ide/plugins/com.nxp.mcuxpresso.tools.win32_11.0.1.201907311258/tools/bin/../lib/gcc/arm-none-eabi/8.2.1/../../../../arm-none-eabi/lib/thumb/v7e-m+fp/softfp\libcr_c.a(_deferredlazyseek.o)
 .comment       0x00000075       0x76 c:/nxp/mcuxpressoide_11.0.1_2563/ide/plugins/com.nxp.mcuxpresso.tools.win32_11.0.1.201907311258/tools/bin/../lib/gcc/arm-none-eabi/8.2.1/../../../../arm-none-eabi/lib/thumb/v7e-m+fp/softfp\libcr_c.a(_fdopen.o)
 .comment       0x00000075       0x76 c:/nxp/mcuxpressoide_11.0.1_2563/ide/plugins/com.nxp.mcuxpresso.tools.win32_11.0.1.201907311258/tools/bin/../lib/gcc/arm-none-eabi/8.2.1/../../../../arm-none-eabi/lib/thumb/v7e-m+fp/softfp\libcr_c.a(_fflush.o)
 .comment       0x00000075       0x76 c:/nxp/mcuxpressoide_11.0.1_2563/ide/plugins/com.nxp.mcuxpresso.tools.win32_11.0.1.201907311258/tools/bin/../lib/gcc/arm-none-eabi/8.2.1/../../../../arm-none-eabi/lib/thumb/v7e-m+fp/softfp\libcr_c.a(_frexpl.o)
 .comment       0x00000075       0x76 c:/nxp/mcuxpressoide_11.0.1_2563/ide/plugins/com.nxp.mcuxpresso.tools.win32_11.0.1.201907311258/tools/bin/../lib/gcc/arm-none-eabi/8.2.1/../../../../arm-none-eabi/lib/thumb/v7e-m+fp/softfp\libcr_c.a(_ldexpl.o)
 .comment       0x00000075       0x76 c:/nxp/mcuxpressoide_11.0.1_2563/ide/plugins/com.nxp.mcuxpresso.tools.win32_11.0.1.201907311258/tools/bin/../lib/gcc/arm-none-eabi/8.2.1/../../../../arm-none-eabi/lib/thumb/v7e-m+fp/softfp\libcr_c.a(_writebuf.o)
 .comment       0x00000075       0x76 c:/nxp/mcuxpressoide_11.0.1_2563/ide/plugins/com.nxp.mcuxpresso.tools.win32_11.0.1.201907311258/tools/bin/../lib/gcc/arm-none-eabi/8.2.1/../../../../arm-none-eabi/lib/thumb/v7e-m+fp/softfp\libcr_c.a(errno.o)
 .comment       0x00000075       0x76 c:/nxp/mcuxpressoide_11.0.1_2563/ide/plugins/com.nxp.mcuxpresso.tools.win32_11.0.1.201907311258/tools/bin/../lib/gcc/arm-none-eabi/8.2.1/../../../../arm-none-eabi/lib/thumb/v7e-m+fp/softfp\libcr_c.a(fclose.o)
 .comment       0x00000075       0x76 c:/nxp/mcuxpressoide_11.0.1_2563/ide/plugins/com.nxp.mcuxpresso.tools.win32_11.0.1.201907311258/tools/bin/../lib/gcc/arm-none-eabi/8.2.1/../../../../arm-none-eabi/lib/thumb/v7e-m+fp/softfp\libcr_c.a(fflush.o)
 .comment       0x00000075       0x76 c:/nxp/mcuxpressoide_11.0.1_2563/ide/plugins/com.nxp.mcuxpresso.tools.win32_11.0.1.201907311258/tools/bin/../lib/gcc/arm-none-eabi/8.2.1/../../../../arm-none-eabi/lib/thumb/v7e-m+fp/softfp\libcr_c.a(fseek.o)
 .comment       0x00000075       0x76 c:/nxp/mcuxpressoide_11.0.1_2563/ide/plugins/com.nxp.mcuxpresso.tools.win32_11.0.1.201907311258/tools/bin/../lib/gcc/arm-none-eabi/8.2.1/../../../../arm-none-eabi/lib/thumb/v7e-m+fp/softfp\libcr_c.a(ftell.o)
 .comment       0x00000075       0x76 c:/nxp/mcuxpressoide_11.0.1_2563/ide/plugins/com.nxp.mcuxpresso.tools.win32_11.0.1.201907311258/tools/bin/../lib/gcc/arm-none-eabi/8.2.1/../../../../arm-none-eabi/lib/thumb/v7e-m+fp/softfp\libcr_c.a(remove.o)
 .comment       0x00000075       0x76 c:/nxp/mcuxpressoide_11.0.1_2563/ide/plugins/com.nxp.mcuxpresso.tools.win32_11.0.1.201907311258/tools/bin/../lib/gcc/arm-none-eabi/8.2.1/../../../../arm-none-eabi/lib/thumb/v7e-m+fp/softfp\libcr_c.a(_do_fflush.o)
 .comment       0x00000075       0x76 c:/nxp/mcuxpressoide_11.0.1_2563/ide/plugins/com.nxp.mcuxpresso.tools.win32_11.0.1.201907311258/tools/bin/../lib/gcc/arm-none-eabi/8.2.1/thumb/v7e-m+fp/softfp\libcr_eabihelpers.a(double.o)
 .comment       0x00000075       0x76 c:/nxp/mcuxpressoide_11.0.1_2563/ide/plugins/com.nxp.mcuxpresso.tools.win32_11.0.1.201907311258/tools/bin/../lib/gcc/arm-none-eabi/8.2.1/../../../../arm-none-eabi/lib/thumb/v7e-m+fp/softfp\libcr_nohost.a(__ciob.o)
 .comment       0x00000075       0x76 c:/nxp/mcuxpressoide_11.0.1_2563/ide/plugins/com.nxp.mcuxpresso.tools.win32_11.0.1.201907311258/tools/bin/../lib/gcc/arm-none-eabi/8.2.1/../../../../arm-none-eabi/lib/thumb/v7e-m+fp/softfp\libcr_nohost.a(__sys_appexit.o)
 .comment       0x00000075       0x76 c:/nxp/mcuxpressoide_11.0.1_2563/ide/plugins/com.nxp.mcuxpresso.tools.win32_11.0.1.201907311258/tools/bin/../lib/gcc/arm-none-eabi/8.2.1/../../../../arm-none-eabi/lib/thumb/v7e-m+fp/softfp\libcr_nohost.a(__sys_close.o)
 .comment       0x00000075       0x76 c:/nxp/mcuxpressoide_11.0.1_2563/ide/plugins/com.nxp.mcuxpresso.tools.win32_11.0.1.201907311258/tools/bin/../lib/gcc/arm-none-eabi/8.2.1/../../../../arm-none-eabi/lib/thumb/v7e-m+fp/softfp\libcr_nohost.a(__sys_flen.o)
 .comment       0x00000075       0x76 c:/nxp/mcuxpressoide_11.0.1_2563/ide/plugins/com.nxp.mcuxpresso.tools.win32_11.0.1.201907311258/tools/bin/../lib/gcc/arm-none-eabi/8.2.1/../../../../arm-none-eabi/lib/thumb/v7e-m+fp/softfp\libcr_nohost.a(__sys_istty.o)
 .comment       0x00000075       0x76 c:/nxp/mcuxpressoide_11.0.1_2563/ide/plugins/com.nxp.mcuxpresso.tools.win32_11.0.1.201907311258/tools/bin/../lib/gcc/arm-none-eabi/8.2.1/../../../../arm-none-eabi/lib/thumb/v7e-m+fp/softfp\libcr_nohost.a(__sys_remove.o)
 .comment       0x00000075       0x76 c:/nxp/mcuxpressoide_11.0.1_2563/ide/plugins/com.nxp.mcuxpresso.tools.win32_11.0.1.201907311258/tools/bin/../lib/gcc/arm-none-eabi/8.2.1/../../../../arm-none-eabi/lib/thumb/v7e-m+fp/softfp\libcr_nohost.a(__sys_seek.o)
 .comment       0x00000075       0x76 c:/nxp/mcuxpressoide_11.0.1_2563/ide/plugins/com.nxp.mcuxpresso.tools.win32_11.0.1.201907311258/tools/bin/../lib/gcc/arm-none-eabi/8.2.1/../../../../arm-none-eabi/lib/thumb/v7e-m+fp/softfp\libcr_nohost.a(__sys_tmpnam.o)

.ARM.attributes